LevelDB:    version 1.17
Date:       Fri Aug  7 20:11:12 2026
CPU:        16 * 12th Gen Intel(R) Core(TM) i5-12600KF
CPUCache:   20480 KB
Keys:       16 bytes each
Values:     1024 bytes each (1024 bytes after compression)
Entries:    1000000
RawSize:    991.8 MB (estimated)
FileSize:   991.8 MB (estimated)
Filter:     proyecto-soa.XorFilter3Packed.v1
FilterMode: Xor
FilterBits: 10 precision target
------------------------------------------------

                               Compactions
Level  Files Size(MB) Time(sec) Read(MB) Write(MB)
--------------------------------------------------
  2        2      109         0        0         0
  4        3      170         0        0         0
  5        5      257         0        0         0
  6       15      277         0        0         0


--------------------- level 0 ---------------------
 compaction_score_of_level: 0.000000
 sentinel_compaction_score_of_level: 0.000000
 total file size in this level: 0
 ------ Files ------
 num_files: 0
 ------ Sentinel files ------
 num_sentinel_files: 0
 ------ Guards ------
 num_guards: 0
 num_guard_files_in_level: 0
 ------ Complete Guards ------
 num_guards: 0
 num_complete_guard_files_in_level: 0
--------------------- level 1 ---------------------
 compaction_score_of_level: 0.000000
 sentinel_compaction_score_of_level: 0.000000
 total file size in this level: 0
 ------ Files ------
 num_files: 0
 ------ Sentinel files ------
 num_sentinel_files: 0
 ------ Guards ------
 num_guards: 0
 num_guard_files_in_level: 0
 ------ Complete Guards ------
 num_guards: 0
 num_complete_guard_files_in_level: 0
--------------------- level 2 ---------------------
 compaction_score_of_level: 0.666667
 sentinel_compaction_score_of_level: 0.666667
 total file size in this level: 114453245
 ------ Files ------
 num_files: 2
 632:68153859['0000000000000007' @ 1889695 : 1 .. '0000000000597012' @ 1911151 : 1]
 633:46299386['0000000000597020' @ 1883983 : 1 .. '0000000000999987' @ 1975553 : 1]
 ------ Sentinel files ------
 num_sentinel_files: 2
 632:68153859['0000000000000007' @ 1889695 : 1 .. '0000000000597012' @ 1911151 : 1]
 633:46299386['0000000000597020' @ 1883983 : 1 .. '0000000000999987' @ 1975553 : 1]
 ------ Guards ------
 num_guards: 0
 num_guard_files_in_level: 0
 ------ Complete Guards ------
 num_guards: 0
 num_complete_guard_files_in_level: 0
--------------------- level 3 ---------------------
 compaction_score_of_level: 0.000000
 sentinel_compaction_score_of_level: 0.000000
 total file size in this level: 0
 ------ Files ------
 num_files: 0
 ------ Sentinel files ------
 num_sentinel_files: 0
 ------ Guards ------
 num_guards: 0
 num_guard_files_in_level: 0
 ------ Complete Guards ------
 num_guards: 0
 num_complete_guard_files_in_level: 0
--------------------- level 4 ---------------------
 compaction_score_of_level: 0.666667
 sentinel_compaction_score_of_level: 0.000000
 total file size in this level: 178385413
 ------ Files ------
 num_files: 3
 635:64602131['0000000000219705' @ 1741949 : 1 .. '0000000000502784' @ 1480365 : 1]
 636:68156160['0000000000502787' @ 1739493 : 1 .. '0000000000801697' @ 1666509 : 1]
 637:45627122['0000000000801702' @ 1493665 : 1 .. '0000000000999997' @ 1352683 : 1]
 ------ Sentinel files ------
 num_sentinel_files: 0
 ------ Guards ------
 num_guards: 2
 num_guard_files_in_level: 3
 guard_key: '0000000000219705' @ 713766 : 1
 guard_compaction_score: 0.333333
 guard_range: ['0000000000219705' @ 1741949 : 1 .. '0000000000502784' @ 1480365 : 1]
 num_segments: 1
 files: [635]
 guard_key: '0000000000502786' @ 1981824 : 1
 guard_compaction_score: 0.666667
 guard_range: ['0000000000502787' @ 1739493 : 1 .. '0000000000999997' @ 1352683 : 1]
 num_segments: 2
 files: [636,637]
 ------ Complete Guards ------
 num_guards: 2
 num_complete_guard_files_in_level: 0
--------------------- level 5 ---------------------
 compaction_score_of_level: 0.666667
 sentinel_compaction_score_of_level: 0.666667
 total file size in this level: 269724876
 ------ Files ------
 num_files: 5
 638:111070442['0000000000000000' @ 511659 : 1 .. '0000000000219704' @ 877549 : 1]
 246:49201947['0000000000000003' @ 328443 : 1 .. '0000000000219703' @ 254063 : 1]
 367:40172077['0000000000219705' @ 713765 : 1 .. '0000000000326584' @ 271727 : 1]
 493:21049829['0000000000219721' @ 995447 : 1 .. '0000000000326584' @ 1058573 : 1]
 500:48230581['0000000000326588' @ 883873 : 1 .. '0000000000421680' @ 851107 : 1]
 ------ Sentinel files ------
 num_sentinel_files: 2
 638:111070442['0000000000000000' @ 511659 : 1 .. '0000000000219704' @ 877549 : 1]
 246:49201947['0000000000000003' @ 328443 : 1 .. '0000000000219703' @ 254063 : 1]
 ------ Guards ------
 num_guards: 4
 num_guard_files_in_level: 3
 guard_key: '0000000000219705' @ 713767 : 1
 guard_compaction_score: 0.666667
 guard_range: ['0000000000219705' @ 713765 : 1 .. '0000000000326584' @ 271727 : 1]
 num_segments: 2
 files: [367,493]
 guard_key: '0000000000326588' @ 883874 : 1
 guard_compaction_score: 0.333333
 guard_range: ['0000000000326588' @ 883873 : 1 .. '0000000000421680' @ 851107 : 1]
 num_segments: 1
 files: [500]
 guard_key: '0000000000421681' @ 1427196 : 1
 guard_compaction_score: 0.000000
 guard_range: [(bad) .. (bad)]
 num_segments: 0
 files: []
 guard_key: '0000000000502786' @ 1981825 : 1
 guard_compaction_score: 0.000000
 guard_range: [(bad) .. (bad)]
 num_segments: 0
 files: []
 ------ Complete Guards ------
 num_guards: 4
 num_complete_guard_files_in_level: 0
--------------------- level 6 ---------------------
 compaction_score_of_level: 0.333333
 sentinel_compaction_score_of_level: 0.000000
 total file size in this level: 290339428
 ------ Files ------
 num_files: 15
 523:12197142['0000000000421683' @ 225131 : 1 .. '0000000000446032' @ 973333 : 1]
 528:90055317['0000000000446034' @ 66707 : 1 .. '0000000000625217' @ 785289 : 1]
 545:46025866['0000000000625218' @ 92575 : 1 .. '0000000000716522' @ 946435 : 1]
 546:8048567['0000000000716523' @ 940937 : 1 .. '0000000000732421' @ 321003 : 1]
 547:11753805['0000000000732422' @ 464459 : 1 .. '0000000000756013' @ 982407 : 1]
 548:12732581['0000000000756014' @ 1242727 : 1 .. '0000000000781436' @ 104395 : 1]
 549:36525286['0000000000781439' @ 1160783 : 1 .. '0000000000854147' @ 425405 : 1]
 552:7358205['0000000000854148' @ 1163339 : 1 .. '0000000000868868' @ 91809 : 1]
 553:1232118['0000000000868870' @ 887367 : 1 .. '0000000000871387' @ 163521 : 1]
 554:19102888['0000000000871391' @ 1249339 : 1 .. '0000000000909575' @ 484383 : 1]
 555:15284133['0000000000909577' @ 699895 : 1 .. '0000000000939962' @ 981249 : 1]
 556:3530984['0000000000939966' @ 844575 : 1 .. '0000000000946966' @ 272959 : 1]
 557:3465226['0000000000946967' @ 1250993 : 1 .. '0000000000953822' @ 732875 : 1]
 558:18597029['0000000000953826' @ 166797 : 1 .. '0000000000991113' @ 809291 : 1]
 559:4430281['0000000000991114' @ 106285 : 1 .. '0000000000999999' @ 590375 : 1]
 ------ Sentinel files ------
 num_sentinel_files: 0
 ------ Guards ------
 num_guards: 21
 num_guard_files_in_level: 15
 guard_key: '0000000000007665' @ 249526 : 1
 guard_compaction_score: 0.000000
 guard_range: [(bad) .. (bad)]
 num_segments: 0
 files: []
 guard_key: '0000000000157521' @ 706768 : 1
 guard_compaction_score: 0.000000
 guard_range: [(bad) .. (bad)]
 num_segments: 0
 files: []
 guard_key: '0000000000219705' @ 713768 : 1
 guard_compaction_score: 0.000000
 guard_range: [(bad) .. (bad)]
 num_segments: 0
 files: []
 guard_key: '0000000000269169' @ 1373004 : 1
 guard_compaction_score: 0.000000
 guard_range: [(bad) .. (bad)]
 num_segments: 0
 files: []
 guard_key: '0000000000306476' @ 1170172 : 1
 guard_compaction_score: 0.000000
 guard_range: [(bad) .. (bad)]
 num_segments: 0
 files: []
 guard_key: '0000000000326588' @ 883875 : 1
 guard_compaction_score: 0.000000
 guard_range: [(bad) .. (bad)]
 num_segments: 0
 files: []
 guard_key: '0000000000421681' @ 1427197 : 1
 guard_compaction_score: 0.333333
 guard_range: ['0000000000421683' @ 225131 : 1 .. '0000000000446032' @ 973333 : 1]
 num_segments: 1
 files: [523]
 guard_key: '0000000000446034' @ 66708 : 1
 guard_compaction_score: 0.333333
 guard_range: ['0000000000446034' @ 66707 : 1 .. '0000000000625217' @ 785289 : 1]
 num_segments: 1
 files: [528]
 guard_key: '0000000000625218' @ 92576 : 1
 guard_compaction_score: 0.333333
 guard_range: ['0000000000625218' @ 92575 : 1 .. '0000000000716522' @ 946435 : 1]
 num_segments: 1
 files: [545]
 guard_key: '0000000000716523' @ 286486 : 1
 guard_compaction_score: 0.333333
 guard_range: ['0000000000716523' @ 940937 : 1 .. '0000000000732421' @ 321003 : 1]
 num_segments: 1
 files: [546]
 guard_key: '0000000000732422' @ 464460 : 1
 guard_compaction_score: 0.333333
 guard_range: ['0000000000732422' @ 464459 : 1 .. '0000000000756013' @ 982407 : 1]
 num_segments: 1
 files: [547]
 guard_key: '0000000000756014' @ 1052998 : 1
 guard_compaction_score: 0.333333
 guard_range: ['0000000000756014' @ 1242727 : 1 .. '0000000000781436' @ 104395 : 1]
 num_segments: 1
 files: [548]
 guard_key: '0000000000781439' @ 610112 : 1
 guard_compaction_score: 0.333333
 guard_range: ['0000000000781439' @ 1160783 : 1 .. '0000000000854147' @ 425405 : 1]
 num_segments: 1
 files: [549]
 guard_key: '0000000000854148' @ 268544 : 1
 guard_compaction_score: 0.333333
 guard_range: ['0000000000854148' @ 1163339 : 1 .. '0000000000868868' @ 91809 : 1]
 num_segments: 1
 files: [552]
 guard_key: '0000000000868870' @ 887368 : 1
 guard_compaction_score: 0.333333
 guard_range: ['0000000000868870' @ 887367 : 1 .. '0000000000871387' @ 163521 : 1]
 num_segments: 1
 files: [553]
 guard_key: '0000000000871388' @ 1297350 : 1
 guard_compaction_score: 0.333333
 guard_range: ['0000000000871391' @ 1249339 : 1 .. '0000000000909575' @ 484383 : 1]
 num_segments: 1
 files: [554]
 guard_key: '0000000000909577' @ 699896 : 1
 guard_compaction_score: 0.333333
 guard_range: ['0000000000909577' @ 699895 : 1 .. '0000000000939962' @ 981249 : 1]
 num_segments: 1
 files: [555]
 guard_key: '0000000000939966' @ 63832 : 1
 guard_compaction_score: 0.333333
 guard_range: ['0000000000939966' @ 844575 : 1 .. '0000000000946966' @ 272959 : 1]
 num_segments: 1
 files: [556]
 guard_key: '0000000000946967' @ 1250994 : 1
 guard_compaction_score: 0.333333
 guard_range: ['0000000000946967' @ 1250993 : 1 .. '0000000000953822' @ 732875 : 1]
 num_segments: 1
 files: [557]
 guard_key: '0000000000953824' @ 1418886 : 1
 guard_compaction_score: 0.333333
 guard_range: ['0000000000953826' @ 166797 : 1 .. '0000000000991113' @ 809291 : 1]
 num_segments: 1
 files: [558]
 guard_key: '0000000000991114' @ 106286 : 1
 guard_compaction_score: 0.333333
 guard_range: ['0000000000991114' @ 106285 : 1 .. '0000000000999999' @ 590375 : 1]
 num_segments: 1
 files: [559]
 ------ Complete Guards ------
 num_guards: 24
 num_complete_guard_files_in_level: 0

-------------------------- Timer information ----------------------

-------------------------------------------------------------------
-------------------------- Individual static timer information 0 --------------------

-------------------------------------------------------------------
-------------------------- Individual static timer information 1 --------------------

-------------------------------------------------------------------
-------------------------- Individual static timer information 2 --------------------

-------------------------------------------------------------------
-------------------------- Individual static timer information 3 --------------------

-------------------------------------------------------------------
-------------------------- Cumulative static timer information --------------------

-------------------------------------------------------------------
	Command being timed: "./db_bench --benchmarks=stats,sstables --num=1000000 --reads=1000000 --value_size=1024 --threads=1 --write_threads=1 --read_threads=1 --compression_ratio=1.0 --write_buffer_size=4194304 --cache_size=33554432 --block_size=4096 --bloom_bits=10 --use_ribbon_filter=0 --use_xor_filter=1 --use_existing_db=1 --db=/home/maykoll_vanegas/Proyecto-SOA-local/Resultados/Experimento_C_Final/run_01/xor/database/db"
	User time (seconds): 0.24
	System time (seconds): 0.13
	Percent of CPU this job got: 91%
	Elapsed (wall clock) time (h:mm:ss or m:ss): 0:00.41
	Average shared text size (kbytes): 0
	Average unshared data size (kbytes): 0
	Average stack size (kbytes): 0
	Average total size (kbytes): 0
	Maximum resident set size (kbytes): 59960
	Average resident set size (kbytes): 0
	Major (requiring I/O) page faults: 1
	Minor (reclaiming a frame) page faults: 20702
	Voluntary context switches: 50
	Involuntary context switches: 3
	Swaps: 0
	File system inputs: 0
	File system outputs: 32
	Socket messages sent: 0
	Socket messages received: 0
	Signals delivered: 0
	Page size (bytes): 4096
	Exit status: 0
