LevelDB:    version 1.23
Date:       Fri Jul 24 21:04:55 2026
CPU:        16 * 12th Gen Intel(R) Core(TM) i5-12600KF
CPUCache:   20480 KB
Keys:       16 bytes each
Values:     100 bytes each (50 bytes after compression)
Entries:    1000000
RawSize:    110.6 MB (estimated)
FileSize:   62.9 MB (estimated)
------------------------------------------------

                               Compactions
Level  Files Size(MB) Time(sec) Read(MB) Write(MB)
--------------------------------------------------
  3      317      634         0        0         0


--- level 0 ---
--- level 1 ---
--- level 2 ---
--- level 3 ---
 3697:2118163['0000000000000000' @ 854569 : 1 .. '0000000000003213' @ 635153 : 1]
 3698:2116148['0000000000003215' @ 782327 : 1 .. '0000000000006392' @ 666209 : 1]
 3701:2118013['0000000000006396' @ 150259 : 1 .. '0000000000009600' @ 858578 : 1]
 3702:2117196['0000000000009602' @ 976245 : 1 .. '0000000000012796' @ 783829 : 1]
 3703:2115374['0000000000012798' @ 614510 : 1 .. '0000000000016017' @ 668812 : 1]
 3705:2118992['0000000000016020' @ 447608 : 1 .. '0000000000019222' @ 911462 : 1]
 3706:2118078['0000000000019223' @ 279315 : 1 .. '0000000000022433' @ 564517 : 1]
 3707:2118094['0000000000022435' @ 502403 : 1 .. '0000000000025582' @ 987082 : 1]
 3710:2118025['0000000000025583' @ 525926 : 1 .. '0000000000028722' @ 947050 : 1]
 3711:2116100['0000000000028725' @ 617400 : 1 .. '0000000000031903' @ 213430 : 1]
 3712:2117045['0000000000031904' @ 759626 : 1 .. '0000000000035085' @ 361644 : 1]
 3714:2117114['0000000000035087' @ 952396 : 1 .. '0000000000038143' @ 312088 : 1]
 3715:2117094['0000000000038145' @ 777874 : 1 .. '0000000000041299' @ 915097 : 1]
 3716:2117063['0000000000041300' @ 561597 : 1 .. '0000000000044493' @ 17730 : 1]
 3719:2116113['0000000000044494' @ 511975 : 1 .. '0000000000047698' @ 670692 : 1]
 3720:2119006['0000000000047701' @ 249468 : 1 .. '0000000000050937' @ 270130 : 1]
 3721:2119009['0000000000050938' @ 749643 : 1 .. '0000000000054136' @ 170634 : 1]
 3723:2117054['0000000000054137' @ 430787 : 1 .. '0000000000057343' @ 622168 : 1]
 3724:2117988['0000000000057344' @ 127987 : 1 .. '0000000000060510' @ 208679 : 1]
 3725:2116302['0000000000060513' @ 132479 : 1 .. '0000000000063756' @ 819965 : 1]
 3728:2118042['0000000000063758' @ 834251 : 1 .. '0000000000066895' @ 854236 : 1]
 3729:2118036['0000000000066896' @ 355925 : 1 .. '0000000000070028' @ 503089 : 1]
 3730:2117048['0000000000070029' @ 657394 : 1 .. '0000000000073146' @ 691024 : 1]
 3732:2118972['0000000000073147' @ 336877 : 1 .. '0000000000076392' @ 611586 : 1]
 3733:2119472['0000000000076393' @ 774738 : 1 .. '0000000000079472' @ 990807 : 1]
 3734:2118084['0000000000079473' @ 190804 : 1 .. '0000000000082667' @ 763198 : 1]
 3735:2118958['0000000000082669' @ 642526 : 1 .. '0000000000085879' @ 447316 : 1]
 3736:2118969['0000000000085880' @ 548542 : 1 .. '0000000000089044' @ 846401 : 1]
 3737:613089['0000000000089046' @ 433786 : 1 .. '0000000000089951' @ 182862 : 1]
 3738:2118997['0000000000089952' @ 200022 : 1 .. '0000000000093131' @ 570406 : 1]
 3739:2116144['0000000000093132' @ 918504 : 1 .. '0000000000096311' @ 859113 : 1]
 3740:2118046['0000000000096314' @ 794914 : 1 .. '0000000000099503' @ 968647 : 1]
 3741:2117062['0000000000099507' @ 866760 : 1 .. '0000000000102651' @ 668861 : 1]
 3744:2118974['0000000000102654' @ 656770 : 1 .. '0000000000105807' @ 919345 : 1]
 3745:2118962['0000000000105808' @ 531347 : 1 .. '0000000000109009' @ 62858 : 1]
 3746:2117029['0000000000109010' @ 903879 : 1 .. '0000000000112213' @ 649565 : 1]
 3747:2118036['0000000000112215' @ 491788 : 1 .. '0000000000115379' @ 372054 : 1]
 3748:2117087['0000000000115380' @ 146604 : 1 .. '0000000000118649' @ 907079 : 1]
 3749:2117656['0000000000118653' @ 189253 : 1 .. '0000000000121839' @ 646902 : 1]
 3750:1927465['0000000000121843' @ 295032 : 1 .. '0000000000124701' @ 674213 : 1]
 3751:2118035['0000000000124704' @ 799884 : 1 .. '0000000000127907' @ 952804 : 1]
 3752:2118060['0000000000127908' @ 523314 : 1 .. '0000000000131049' @ 788363 : 1]
 3753:2117213['0000000000131050' @ 479003 : 1 .. '0000000000134192' @ 559548 : 1]
 3754:2117079['0000000000134193' @ 709183 : 1 .. '0000000000137371' @ 315843 : 1]
 3755:2116168['0000000000137372' @ 131125 : 1 .. '0000000000140537' @ 249825 : 1]
 3757:2118031['0000000000140538' @ 805876 : 1 .. '0000000000143761' @ 96463 : 1]
 3758:2118970['0000000000143762' @ 743380 : 1 .. '0000000000146987' @ 444190 : 1]
 3759:2117123['0000000000146988' @ 524613 : 1 .. '0000000000150177' @ 971864 : 1]
 3760:2118031['0000000000150179' @ 970192 : 1 .. '0000000000153255' @ 426740 : 1]
 3763:2118062['0000000000153256' @ 659492 : 1 .. '0000000000156408' @ 990364 : 1]
 3764:2116105['0000000000156410' @ 386524 : 1 .. '0000000000159559' @ 148174 : 1]
 3765:2116202['0000000000159563' @ 736205 : 1 .. '0000000000162832' @ 424171 : 1]
 3766:2117045['0000000000162833' @ 294273 : 1 .. '0000000000166023' @ 196527 : 1]
 3767:2117153['0000000000166024' @ 489342 : 1 .. '0000000000169148' @ 876061 : 1]
 3768:2118966['0000000000169149' @ 451413 : 1 .. '0000000000172283' @ 248094 : 1]
 3769:654175['0000000000172284' @ 559509 : 1 .. '0000000000173287' @ 450437 : 1]
 3770:2118014['0000000000173288' @ 880078 : 1 .. '0000000000176486' @ 865507 : 1]
 3771:2118995['0000000000176487' @ 754523 : 1 .. '0000000000179763' @ 777169 : 1]
 3772:2118046['0000000000179764' @ 527630 : 1 .. '0000000000182942' @ 912570 : 1]
 3773:2118099['0000000000182946' @ 826716 : 1 .. '0000000000186083' @ 647097 : 1]
 3774:2117126['0000000000186084' @ 976391 : 1 .. '0000000000189231' @ 610528 : 1]
 3776:2117267['0000000000189232' @ 500463 : 1 .. '0000000000192392' @ 867980 : 1]
 3777:2116145['0000000000192393' @ 447803 : 1 .. '0000000000195544' @ 749436 : 1]
 3778:2116213['0000000000195545' @ 71515 : 1 .. '0000000000198697' @ 816471 : 1]
 3779:2118095['0000000000198698' @ 791724 : 1 .. '0000000000201881' @ 616949 : 1]
 3780:2116138['0000000000201884' @ 762488 : 1 .. '0000000000204963' @ 71343 : 1]
 3781:1873711['0000000000204964' @ 400570 : 1 .. '0000000000207795' @ 877413 : 1]
 3782:2117132['0000000000207796' @ 912625 : 1 .. '0000000000211033' @ 933238 : 1]
 3783:2118045['0000000000211034' @ 894138 : 1 .. '0000000000214208' @ 905719 : 1]
 3784:2117173['0000000000214211' @ 580824 : 1 .. '0000000000217390' @ 78746 : 1]
 3785:2118028['0000000000217393' @ 41176 : 1 .. '0000000000220547' @ 300466 : 1]
 3786:2118035['0000000000220549' @ 956330 : 1 .. '0000000000223693' @ 848557 : 1]
 3787:2118961['0000000000223695' @ 349543 : 1 .. '0000000000226843' @ 856604 : 1]
 3788:2116255['0000000000226844' @ 444327 : 1 .. '0000000000230074' @ 490246 : 1]
 3789:2118981['0000000000230075' @ 339010 : 1 .. '0000000000233215' @ 900496 : 1]
 3790:2118124['0000000000233218' @ 946581 : 1 .. '0000000000236426' @ 727708 : 1]
 3793:2118979['0000000000236427' @ 197532 : 1 .. '0000000000239579' @ 862525 : 1]
 3794:2118985['0000000000239580' @ 803920 : 1 .. '0000000000242817' @ 70091 : 1]
 3795:2118088['0000000000242819' @ 485642 : 1 .. '0000000000245985' @ 751459 : 1]
 3796:2117058['0000000000245987' @ 634984 : 1 .. '0000000000249218' @ 633057 : 1]
 3797:2118997['0000000000249220' @ 380368 : 1 .. '0000000000252464' @ 789899 : 1]
 3798:2118936['0000000000252466' @ 990477 : 1 .. '0000000000255647' @ 146095 : 1]
 3799:2119007['0000000000255648' @ 208185 : 1 .. '0000000000258838' @ 592078 : 1]
 3800:2117152['0000000000258839' @ 817680 : 1 .. '0000000000261973' @ 644109 : 1]
 3801:2117084['0000000000261976' @ 422415 : 1 .. '0000000000265141' @ 781182 : 1]
 3802:2118065['0000000000265142' @ 403627 : 1 .. '0000000000268369' @ 488468 : 1]
 3803:995380['0000000000268370' @ 196495 : 1 .. '0000000000269899' @ 849960 : 1]
 3804:2117219['0000000000269900' @ 921251 : 1 .. '0000000000273069' @ 419503 : 1]
 3805:2116199['0000000000273072' @ 800686 : 1 .. '0000000000276251' @ 480217 : 1]
 3806:2118029['0000000000276252' @ 655298 : 1 .. '0000000000279440' @ 395388 : 1]
 3807:2118037['0000000000279441' @ 904262 : 1 .. '0000000000282646' @ 526525 : 1]
 3808:2118971['0000000000282652' @ 738784 : 1 .. '0000000000285935' @ 979853 : 1]
 3809:2117127['0000000000285937' @ 114709 : 1 .. '0000000000289069' @ 175059 : 1]
 3810:2118982['0000000000289071' @ 936689 : 1 .. '0000000000292228' @ 244060 : 1]
 3811:2118951['0000000000292229' @ 880234 : 1 .. '0000000000295289' @ 449716 : 1]
 3812:2118024['0000000000295292' @ 545510 : 1 .. '0000000000298436' @ 534551 : 1]
 3813:2117095['0000000000298437' @ 658281 : 1 .. '0000000000301559' @ 82681 : 1]
 3814:2116138['0000000000301561' @ 370470 : 1 .. '0000000000304758' @ 527975 : 1]
 3815:2118980['0000000000304759' @ 433882 : 1 .. '0000000000307965' @ 99238 : 1]
 3816:2117048['0000000000307966' @ 881859 : 1 .. '0000000000311134' @ 223524 : 1]
 3817:2118997['0000000000311135' @ 922519 : 1 .. '0000000000314374' @ 97758 : 1]
 3818:2117973['0000000000314375' @ 181447 : 1 .. '0000000000317531' @ 747803 : 1]
 3819:2118980['0000000000317532' @ 870317 : 1 .. '0000000000320731' @ 460374 : 1]
 3820:2118004['0000000000320732' @ 662275 : 1 .. '0000000000323888' @ 809536 : 1]
 3821:2117994['0000000000323890' @ 552102 : 1 .. '0000000000326999' @ 630219 : 1]
 3822:2118038['0000000000327000' @ 688981 : 1 .. '0000000000330227' @ 753999 : 1]
 3823:2118041['0000000000330228' @ 916594 : 1 .. '0000000000333431' @ 917072 : 1]
 3824:2117080['0000000000333432' @ 851774 : 1 .. '0000000000336565' @ 289938 : 1]
 3825:2116215['0000000000336566' @ 916945 : 1 .. '0000000000339738' @ 353086 : 1]
 3826:2118057['0000000000339739' @ 805927 : 1 .. '0000000000342918' @ 835679 : 1]
 3829:2118995['0000000000342920' @ 823316 : 1 .. '0000000000346133' @ 417038 : 1]
 3831:2118000['0000000000346134' @ 605833 : 1 .. '0000000000349329' @ 344791 : 1]
 3834:2118045['0000000000349330' @ 567728 : 1 .. '0000000000352489' @ 636727 : 1]
 3835:2118004['0000000000352492' @ 115379 : 1 .. '0000000000355710' @ 756169 : 1]
 3838:2118117['0000000000355712' @ 597655 : 1 .. '0000000000358880' @ 515453 : 1]
 3841:2118052['0000000000358881' @ 892459 : 1 .. '0000000000362070' @ 423184 : 1]
 3842:2117222['0000000000362071' @ 737328 : 1 .. '0000000000365308' @ 147921 : 1]
 3844:2118948['0000000000365309' @ 990216 : 1 .. '0000000000368540' @ 467597 : 1]
 3847:2118957['0000000000368543' @ 270196 : 1 .. '0000000000371747' @ 831472 : 1]
 3848:2118031['0000000000371748' @ 57081 : 1 .. '0000000000375002' @ 2027 : 1]
 3850:2118031['0000000000375004' @ 778322 : 1 .. '0000000000378180' @ 866725 : 1]
 3851:2117048['0000000000378183' @ 980028 : 1 .. '0000000000381317' @ 918479 : 1]
 3854:2118047['0000000000381320' @ 333060 : 1 .. '0000000000384432' @ 920185 : 1]
 3855:2118986['0000000000384434' @ 391583 : 1 .. '0000000000387693' @ 276800 : 1]
 3857:2118974['0000000000387694' @ 553643 : 1 .. '0000000000390838' @ 459186 : 1]
 3859:2118033['0000000000390841' @ 672486 : 1 .. '0000000000394019' @ 823213 : 1]
 3862:2116194['0000000000394020' @ 711117 : 1 .. '0000000000397285' @ 762205 : 1]
 3863:2117073['0000000000397286' @ 189624 : 1 .. '0000000000400492' @ 496628 : 1]
 3866:2117133['0000000000400493' @ 526150 : 1 .. '0000000000403705' @ 482779 : 1]
 3869:2116108['0000000000403706' @ 315054 : 1 .. '0000000000406899' @ 985228 : 1]
 3870:2119305['0000000000406900' @ 823711 : 1 .. '0000000000410000' @ 707687 : 1]
 3873:2117206['0000000000410004' @ 431755 : 1 .. '0000000000413137' @ 318718 : 1]
 3875:2118074['0000000000413138' @ 263323 : 1 .. '0000000000416337' @ 677640 : 1]
 3876:2118972['0000000000416339' @ 237423 : 1 .. '0000000000419543' @ 481892 : 1]
 3878:2118991['0000000000419544' @ 868868 : 1 .. '0000000000422751' @ 585716 : 1]
 3879:2118086['0000000000422752' @ 725064 : 1 .. '0000000000425943' @ 842309 : 1]
 3881:2118038['0000000000425946' @ 374558 : 1 .. '0000000000429065' @ 357828 : 1]
 3884:2118976['0000000000429066' @ 620161 : 1 .. '0000000000432261' @ 715652 : 1]
 3885:2117148['0000000000432262' @ 727064 : 1 .. '0000000000435456' @ 546921 : 1]
 3888:2119504['0000000000435457' @ 744327 : 1 .. '0000000000438695' @ 648434 : 1]
 3891:2118050['0000000000438697' @ 784129 : 1 .. '0000000000441920' @ 668935 : 1]
 3892:2116209['0000000000441922' @ 926070 : 1 .. '0000000000445191' @ 353896 : 1]
 3894:2118014['0000000000445194' @ 695443 : 1 .. '0000000000448385' @ 923878 : 1]
 3896:2118996['0000000000448387' @ 286325 : 1 .. '0000000000451612' @ 867944 : 1]
 3897:2118098['0000000000451616' @ 406186 : 1 .. '0000000000454841' @ 699905 : 1]
 3899:2117138['0000000000454842' @ 737965 : 1 .. '0000000000457986' @ 260523 : 1]
 3900:2119012['0000000000457987' @ 344838 : 1 .. '0000000000461113' @ 976199 : 1]
 3902:2118035['0000000000461115' @ 283617 : 1 .. '0000000000464301' @ 947303 : 1]
 3904:2119005['0000000000464302' @ 507196 : 1 .. '0000000000467448' @ 38255 : 1]
 3905:2118044['0000000000467449' @ 300570 : 1 .. '0000000000470677' @ 972214 : 1]
 3907:2118040['0000000000470680' @ 448738 : 1 .. '0000000000473908' @ 220119 : 1]
 3909:2118026['0000000000473910' @ 936178 : 1 .. '0000000000477213' @ 135517 : 1]
 3910:2116104['0000000000477214' @ 617592 : 1 .. '0000000000480373' @ 466826 : 1]
 3912:2118038['0000000000480374' @ 201942 : 1 .. '0000000000483420' @ 510729 : 1]
 3914:2117143['0000000000483421' @ 861002 : 1 .. '0000000000486612' @ 652045 : 1]
 3915:2118987['0000000000486613' @ 569970 : 1 .. '0000000000489775' @ 605028 : 1]
 3917:2118092['0000000000489777' @ 878012 : 1 .. '0000000000492887' @ 591435 : 1]
 3920:2118034['0000000000492888' @ 637425 : 1 .. '0000000000496056' @ 353556 : 1]
 3921:2119006['0000000000496063' @ 223949 : 1 .. '0000000000499226' @ 453385 : 1]
 3922:2117098['0000000000499227' @ 150312 : 1 .. '0000000000502427' @ 809710 : 1]
 3925:2118981['0000000000502429' @ 407068 : 1 .. '0000000000505550' @ 421960 : 1]
 3926:2117063['0000000000505552' @ 259764 : 1 .. '0000000000508737' @ 653434 : 1]
 3928:2118034['0000000000508738' @ 360870 : 1 .. '0000000000511873' @ 942163 : 1]
 3931:2118181['0000000000511874' @ 691966 : 1 .. '0000000000515103' @ 898310 : 1]
 3932:2119470['0000000000515104' @ 409812 : 1 .. '0000000000518280' @ 845806 : 1]
 3934:2118026['0000000000518285' @ 566909 : 1 .. '0000000000521506' @ 461459 : 1]
 3935:2118981['0000000000521510' @ 324879 : 1 .. '0000000000524651' @ 879324 : 1]
 3937:2118944['0000000000524653' @ 850336 : 1 .. '0000000000527794' @ 842413 : 1]
 3940:2117148['0000000000527795' @ 220910 : 1 .. '0000000000530941' @ 765864 : 1]
 3941:2118993['0000000000530942' @ 387802 : 1 .. '0000000000534161' @ 523560 : 1]
 3943:2117109['0000000000534163' @ 526035 : 1 .. '0000000000537347' @ 302814 : 1]
 3946:2118080['0000000000537348' @ 821065 : 1 .. '0000000000540473' @ 947306 : 1]
 3947:2118100['0000000000540476' @ 978166 : 1 .. '0000000000543571' @ 162185 : 1]
 3950:2118992['0000000000543572' @ 912841 : 1 .. '0000000000546807' @ 497012 : 1]
 3953:2117521['0000000000546809' @ 532353 : 1 .. '0000000000550022' @ 690238 : 1]
 3954:2116192['0000000000550023' @ 845732 : 1 .. '0000000000553169' @ 793152 : 1]
 3957:2116249['0000000000553170' @ 844625 : 1 .. '0000000000556326' @ 863218 : 1]
 3960:2119004['0000000000556328' @ 301016 : 1 .. '0000000000559528' @ 841334 : 1]
 3961:2117042['0000000000559529' @ 255042 : 1 .. '0000000000562710' @ 227514 : 1]
 3962:2118006['0000000000562711' @ 709607 : 1 .. '0000000000565901' @ 463768 : 1]
 3964:2118043['0000000000565904' @ 133539 : 1 .. '0000000000569069' @ 691143 : 1]
 3967:2118026['0000000000569070' @ 200807 : 1 .. '0000000000572243' @ 941108 : 1]
 3968:2118012['0000000000572244' @ 327351 : 1 .. '0000000000575444' @ 795463 : 1]
 3970:2116236['0000000000575445' @ 428768 : 1 .. '0000000000578662' @ 498318 : 1]
 3973:2118043['0000000000578663' @ 481026 : 1 .. '0000000000581864' @ 775714 : 1]
 3974:2117082['0000000000581866' @ 190633 : 1 .. '0000000000584994' @ 922328 : 1]
 3977:2118988['0000000000584995' @ 669694 : 1 .. '0000000000588137' @ 989999 : 1]
 3980:2117121['0000000000588138' @ 502790 : 1 .. '0000000000591292' @ 312040 : 1]
 3981:2118022['0000000000591293' @ 432965 : 1 .. '0000000000594434' @ 310871 : 1]
 3983:2118036['0000000000594435' @ 827334 : 1 .. '0000000000597583' @ 857442 : 1]
 3984:2118090['0000000000597584' @ 565903 : 1 .. '0000000000600764' @ 524828 : 1]
 3986:2119011['0000000000600767' @ 596101 : 1 .. '0000000000603950' @ 690762 : 1]
 3988:2118965['0000000000603951' @ 829235 : 1 .. '0000000000607048' @ 824729 : 1]
 3989:2118118['0000000000607050' @ 441237 : 1 .. '0000000000610261' @ 789052 : 1]
 3991:2119017['0000000000610264' @ 455694 : 1 .. '0000000000613471' @ 768648 : 1]
 3994:2117066['0000000000613472' @ 979456 : 1 .. '0000000000616672' @ 850922 : 1]
 3995:2119407['0000000000616674' @ 126512 : 1 .. '0000000000619885' @ 980975 : 1]
 3998:2118969['0000000000619887' @ 170786 : 1 .. '0000000000623046' @ 577485 : 1]
 3999:2117074['0000000000623047' @ 945255 : 1 .. '0000000000626214' @ 450880 : 1]
 4002:2117150['0000000000626215' @ 511176 : 1 .. '0000000000629395' @ 325983 : 1]
 4003:2118016['0000000000629398' @ 22677 : 1 .. '0000000000632602' @ 747436 : 1]
 4005:2117990['0000000000632603' @ 651974 : 1 .. '0000000000635769' @ 431463 : 1]
 4006:2116115['0000000000635771' @ 954877 : 1 .. '0000000000638915' @ 907468 : 1]
 4009:2117132['0000000000638916' @ 740936 : 1 .. '0000000000642201' @ 323054 : 1]
 4010:2118022['0000000000642204' @ 741829 : 1 .. '0000000000645378' @ 888395 : 1]
 4012:2117111['0000000000645379' @ 717124 : 1 .. '0000000000648573' @ 969538 : 1]
 4013:2118951['0000000000648574' @ 899564 : 1 .. '0000000000651785' @ 862275 : 1]
 4015:2119001['0000000000651787' @ 921528 : 1 .. '0000000000655015' @ 684826 : 1]
 4018:2116208['0000000000655016' @ 964275 : 1 .. '0000000000658158' @ 999486 : 1]
 4019:2117149['0000000000658160' @ 608696 : 1 .. '0000000000661300' @ 839299 : 1]
 4022:2117136['0000000000661301' @ 995761 : 1 .. '0000000000664476' @ 332990 : 1]
 4023:2118608['0000000000664477' @ 869886 : 1 .. '0000000000667653' @ 971653 : 1]
 4025:2117027['0000000000667654' @ 866860 : 1 .. '0000000000670803' @ 965858 : 1]
 4026:2117074['0000000000670806' @ 918232 : 1 .. '0000000000673943' @ 650674 : 1]
 4029:2118058['0000000000673945' @ 36630 : 1 .. '0000000000677170' @ 651123 : 1]
 4030:2118972['0000000000677171' @ 404621 : 1 .. '0000000000680381' @ 64113 : 1]
 4032:2118974['0000000000680382' @ 892943 : 1 .. '0000000000683579' @ 889446 : 1]
 4033:2119008['0000000000683580' @ 99966 : 1 .. '0000000000686717' @ 807142 : 1]
 4035:2118952['0000000000686718' @ 82517 : 1 .. '0000000000689856' @ 586080 : 1]
 4036:2116139['0000000000689859' @ 126447 : 1 .. '0000000000693064' @ 674258 : 1]
 4039:2118121['0000000000693066' @ 56295 : 1 .. '0000000000696295' @ 747610 : 1]
 4040:2118041['0000000000696298' @ 388827 : 1 .. '0000000000699504' @ 945583 : 1]
 4041:2118045['0000000000699505' @ 512549 : 1 .. '0000000000702702' @ 478034 : 1]
 4043:2119000['0000000000702704' @ 783347 : 1 .. '0000000000705900' @ 15694 : 1]
 4044:2118042['0000000000705901' @ 673977 : 1 .. '0000000000709130' @ 611222 : 1]
 4046:2119451['0000000000709132' @ 309265 : 1 .. '0000000000712339' @ 888044 : 1]
 4049:2118028['0000000000712344' @ 476185 : 1 .. '0000000000715497' @ 952365 : 1]
 4050:2116170['0000000000715498' @ 861554 : 1 .. '0000000000718614' @ 724032 : 1]
 4053:2118985['0000000000718615' @ 981404 : 1 .. '0000000000721814' @ 375818 : 1]
 4054:2118978['0000000000721815' @ 304499 : 1 .. '0000000000725051' @ 32923 : 1]
 4056:2118955['0000000000725055' @ 870686 : 1 .. '0000000000728223' @ 478784 : 1]
 4057:2117138['0000000000728224' @ 923183 : 1 .. '0000000000731431' @ 575004 : 1]
 4060:2118981['0000000000731432' @ 867912 : 1 .. '0000000000734628' @ 340450 : 1]
 4061:2117063['0000000000734629' @ 826687 : 1 .. '0000000000737764' @ 238203 : 1]
 4063:2118994['0000000000737765' @ 466821 : 1 .. '0000000000740875' @ 788954 : 1]
 4064:2116291['0000000000740876' @ 165571 : 1 .. '0000000000744127' @ 625844 : 1]
 4067:2118988['0000000000744129' @ 248378 : 1 .. '0000000000747263' @ 927842 : 1]
 4068:2117070['0000000000747264' @ 877895 : 1 .. '0000000000750468' @ 166453 : 1]
 4070:2117140['0000000000750470' @ 658249 : 1 .. '0000000000753691' @ 886163 : 1]
 4071:2117199['0000000000753692' @ 63983 : 1 .. '0000000000756930' @ 668409 : 1]
 4074:2118027['0000000000756935' @ 723060 : 1 .. '0000000000760047' @ 730683 : 1]
 4075:2118110['0000000000760048' @ 331733 : 1 .. '0000000000763269' @ 670960 : 1]
 4078:2118164['0000000000763272' @ 971290 : 1 .. '0000000000766431' @ 522453 : 1]
 4079:2117050['0000000000766432' @ 990287 : 1 .. '0000000000769512' @ 698908 : 1]
 4080:2118983['0000000000769513' @ 838782 : 1 .. '0000000000772715' @ 800896 : 1]
 4082:2119374['0000000000772717' @ 668006 : 1 .. '0000000000775915' @ 266728 : 1]
 4083:2118086['0000000000775918' @ 719289 : 1 .. '0000000000779051' @ 841882 : 1]
 4085:2118049['0000000000779054' @ 613060 : 1 .. '0000000000782226' @ 9368 : 1]
 4086:2118999['0000000000782228' @ 641327 : 1 .. '0000000000785418' @ 123354 : 1]
 4087:2119544['0000000000785419' @ 693999 : 1 .. '0000000000788602' @ 730718 : 1]
 4090:2117062['0000000000788603' @ 253423 : 1 .. '0000000000791807' @ 915388 : 1]
 4091:2118946['0000000000791809' @ 719243 : 1 .. '0000000000794982' @ 658725 : 1]
 4093:2118030['0000000000794983' @ 974264 : 1 .. '0000000000798135' @ 562878 : 1]
 4094:2119012['0000000000798136' @ 841174 : 1 .. '0000000000801307' @ 137231 : 1]
 4097:2116192['0000000000801309' @ 765379 : 1 .. '0000000000804507' @ 891996 : 1]
 4098:2116075['0000000000804510' @ 792096 : 1 .. '0000000000807650' @ 962752 : 1]
 4099:2118975['0000000000807651' @ 234738 : 1 .. '0000000000810829' @ 995921 : 1]
 4101:2118984['0000000000810830' @ 776342 : 1 .. '0000000000814003' @ 638295 : 1]
 4102:2117038['0000000000814004' @ 146886 : 1 .. '0000000000817196' @ 167593 : 1]
 4105:2119331['0000000000817197' @ 960828 : 1 .. '0000000000820395' @ 338765 : 1]
 4106:2119000['0000000000820396' @ 406185 : 1 .. '0000000000823590' @ 570826 : 1]
 4107:2118092['0000000000823591' @ 824418 : 1 .. '0000000000826763' @ 660696 : 1]
 4109:2118975['0000000000826768' @ 540246 : 1 .. '0000000000829985' @ 250905 : 1]
 4110:2118975['0000000000829986' @ 670060 : 1 .. '0000000000833231' @ 649507 : 1]
 4113:2118029['0000000000833232' @ 705959 : 1 .. '0000000000836418' @ 348104 : 1]
 4114:2116245['0000000000836419' @ 57958 : 1 .. '0000000000839609' @ 604324 : 1]
 4117:2118977['0000000000839611' @ 812032 : 1 .. '0000000000842767' @ 320581 : 1]
 4118:2118964['0000000000842771' @ 59209 : 1 .. '0000000000846016' @ 987631 : 1]
 4119:2118969['0000000000846017' @ 367555 : 1 .. '0000000000849197' @ 807795 : 1]
 4121:2118082['0000000000849198' @ 583527 : 1 .. '0000000000852364' @ 840463 : 1]
 4122:2118985['0000000000852367' @ 111803 : 1 .. '0000000000855644' @ 963118 : 1]
 4124:2118111['0000000000855645' @ 821565 : 1 .. '0000000000858827' @ 364631 : 1]
 4125:2118962['0000000000858829' @ 238848 : 1 .. '0000000000861922' @ 179349 : 1]
 4127:2118026['0000000000861923' @ 269454 : 1 .. '0000000000865109' @ 604128 : 1]
 4128:2117120['0000000000865110' @ 90605 : 1 .. '0000000000868286' @ 979668 : 1]
 4129:2119015['0000000000868288' @ 853313 : 1 .. '0000000000871435' @ 580751 : 1]
 4131:2118998['0000000000871436' @ 901823 : 1 .. '0000000000874625' @ 991332 : 1]
 4132:2117135['0000000000874626' @ 965380 : 1 .. '0000000000877756' @ 943632 : 1]
 4135:2116300['0000000000877758' @ 987742 : 1 .. '0000000000880985' @ 904190 : 1]
 4136:2118980['0000000000880986' @ 863848 : 1 .. '0000000000884211' @ 227386 : 1]
 4139:2116264['0000000000884212' @ 845245 : 1 .. '0000000000887366' @ 909156 : 1]
 4140:2116175['0000000000887368' @ 428808 : 1 .. '0000000000890590' @ 487574 : 1]
 4141:2116214['0000000000890594' @ 542992 : 1 .. '0000000000893811' @ 507398 : 1]
 4142:2118040['0000000000893814' @ 153489 : 1 .. '0000000000896973' @ 772344 : 1]
 4143:2118019['0000000000896975' @ 443175 : 1 .. '0000000000900152' @ 993304 : 1]
 4145:2118047['0000000000900153' @ 703691 : 1 .. '0000000000903297' @ 421550 : 1]
 4146:2118003['0000000000903298' @ 93966 : 1 .. '0000000000906462' @ 169702 : 1]
 4147:2118987['0000000000906463' @ 581619 : 1 .. '0000000000909696' @ 957436 : 1]
 4149:2117061['0000000000909698' @ 597184 : 1 .. '0000000000912985' @ 964022 : 1]
 4150:2118041['0000000000912986' @ 727709 : 1 .. '0000000000916179' @ 429643 : 1]
 4151:2118073['0000000000916184' @ 800856 : 1 .. '0000000000919376' @ 932143 : 1]
 4153:2118999['0000000000919377' @ 698859 : 1 .. '0000000000922528' @ 529880 : 1]
 4154:2118025['0000000000922531' @ 134618 : 1 .. '0000000000925711' @ 756115 : 1]
 4155:2118070['0000000000925713' @ 689316 : 1 .. '0000000000928944' @ 729459 : 1]
 4157:2117041['0000000000928946' @ 836056 : 1 .. '0000000000932098' @ 948146 : 1]
 4158:2117124['0000000000932104' @ 253894 : 1 .. '0000000000935307' @ 278173 : 1]
 4161:2117086['0000000000935308' @ 959468 : 1 .. '0000000000938524' @ 998897 : 1]
 4162:2118041['0000000000938526' @ 947819 : 1 .. '0000000000941780' @ 667621 : 1]
 4163:2118051['0000000000941784' @ 417168 : 1 .. '0000000000944999' @ 560342 : 1]
 4166:2118042['0000000000945000' @ 745191 : 1 .. '0000000000948251' @ 448400 : 1]
 4167:2117160['0000000000948252' @ 928083 : 1 .. '0000000000951381' @ 480904 : 1]
 4168:2118521['0000000000951382' @ 659315 : 1 .. '0000000000954636' @ 268485 : 1]
 4171:2117098['0000000000954637' @ 899053 : 1 .. '0000000000957899' @ 173862 : 1]
 4172:2118994['0000000000957901' @ 937439 : 1 .. '0000000000961055' @ 915 : 1]
 4173:2116152['0000000000961056' @ 645361 : 1 .. '0000000000964190' @ 675256 : 1]
 4176:2118192['0000000000964191' @ 245312 : 1 .. '0000000000967366' @ 896798 : 1]
 4177:2116382['0000000000967367' @ 411291 : 1 .. '0000000000970532' @ 703146 : 1]
 4178:2118066['0000000000970534' @ 469939 : 1 .. '0000000000973830' @ 148001 : 1]
 4181:2118036['0000000000973833' @ 774813 : 1 .. '0000000000977007' @ 644560 : 1]
 4182:2118038['0000000000977008' @ 557093 : 1 .. '0000000000980175' @ 792260 : 1]
 4183:2117223['0000000000980178' @ 316862 : 1 .. '0000000000983469' @ 282241 : 1]
 4186:2118999['0000000000983470' @ 178398 : 1 .. '0000000000986673' @ 3077 : 1]
 4187:2117062['0000000000986674' @ 825537 : 1 .. '0000000000989798' @ 864844 : 1]
 4188:2119016['0000000000989799' @ 673582 : 1 .. '0000000000993015' @ 470604 : 1]
 4191:2118964['0000000000993016' @ 860178 : 1 .. '0000000000996158' @ 774057 : 1]
 4192:2118947['0000000000996159' @ 181063 : 1 .. '0000000000999369' @ 596971 : 1]
 4193:431956['0000000000999371' @ 622030 : 1 .. '0000000000999999' @ 990743 : 1]
--- level 4 ---
--- level 5 ---
--- level 6 ---

