LevelDB:    version 1.23
Date:       Fri Jul 24 21:04:25 2026
CPU:        16 * 12th Gen Intel(R) Core(TM) i5-12600KF
CPUCache:   20480 KB
Keys:       16 bytes each
Values:     100 bytes each (50 bytes after compression)
Entries:    1000000
RawSize:    110.6 MB (estimated)
FileSize:   62.9 MB (estimated)
------------------------------------------------

                               Compactions
Level  Files Size(MB) Time(sec) Read(MB) Write(MB)
--------------------------------------------------
  3      316      632         0        0         0


--- level 0 ---
--- level 1 ---
--- level 2 ---
--- level 3 ---
 3715:2109483['0000000000000000' @ 854569 : 1 .. '0000000000003213' @ 635153 : 1]
 3716:2107472['0000000000003215' @ 782327 : 1 .. '0000000000006392' @ 666209 : 1]
 3719:2109333['0000000000006396' @ 150259 : 1 .. '0000000000009600' @ 858578 : 1]
 3720:2108520['0000000000009602' @ 976245 : 1 .. '0000000000012796' @ 783829 : 1]
 3721:2106698['0000000000012798' @ 614510 : 1 .. '0000000000016017' @ 668812 : 1]
 3723:2110312['0000000000016020' @ 447608 : 1 .. '0000000000019222' @ 911462 : 1]
 3724:2109398['0000000000019223' @ 279315 : 1 .. '0000000000022433' @ 564517 : 1]
 3725:2109414['0000000000022435' @ 502403 : 1 .. '0000000000025582' @ 987082 : 1]
 3728:2109345['0000000000025583' @ 525926 : 1 .. '0000000000028722' @ 947050 : 1]
 3729:2107424['0000000000028725' @ 617400 : 1 .. '0000000000031903' @ 213430 : 1]
 3730:2108369['0000000000031904' @ 759626 : 1 .. '0000000000035085' @ 361644 : 1]
 3732:2108438['0000000000035087' @ 952396 : 1 .. '0000000000038143' @ 312088 : 1]
 3733:2108418['0000000000038145' @ 777874 : 1 .. '0000000000041299' @ 915097 : 1]
 3734:2108387['0000000000041300' @ 561597 : 1 .. '0000000000044493' @ 17730 : 1]
 3737:2107437['0000000000044494' @ 511975 : 1 .. '0000000000047698' @ 670692 : 1]
 3738:2110326['0000000000047701' @ 249468 : 1 .. '0000000000050937' @ 270130 : 1]
 3739:2110329['0000000000050938' @ 749643 : 1 .. '0000000000054136' @ 170634 : 1]
 3741:2108378['0000000000054137' @ 430787 : 1 .. '0000000000057343' @ 622168 : 1]
 3742:2109308['0000000000057344' @ 127987 : 1 .. '0000000000060510' @ 208679 : 1]
 3743:2107626['0000000000060513' @ 132479 : 1 .. '0000000000063756' @ 819965 : 1]
 3746:2109362['0000000000063758' @ 834251 : 1 .. '0000000000066895' @ 854236 : 1]
 3747:2109356['0000000000066896' @ 355925 : 1 .. '0000000000070028' @ 503089 : 1]
 3748:2108372['0000000000070029' @ 657394 : 1 .. '0000000000073146' @ 691024 : 1]
 3750:2110292['0000000000073147' @ 336877 : 1 .. '0000000000076392' @ 611586 : 1]
 3751:2110783['0000000000076393' @ 774738 : 1 .. '0000000000079472' @ 990807 : 1]
 3752:2109404['0000000000079473' @ 190804 : 1 .. '0000000000082667' @ 763198 : 1]
 3753:2110278['0000000000082669' @ 642526 : 1 .. '0000000000085879' @ 447316 : 1]
 3754:2110289['0000000000085880' @ 548542 : 1 .. '0000000000089044' @ 846401 : 1]
 3755:610539['0000000000089046' @ 433786 : 1 .. '0000000000089951' @ 182862 : 1]
 3756:2110317['0000000000089952' @ 200022 : 1 .. '0000000000093131' @ 570406 : 1]
 3757:2107468['0000000000093132' @ 918504 : 1 .. '0000000000096311' @ 859113 : 1]
 3758:2109366['0000000000096314' @ 794914 : 1 .. '0000000000099503' @ 968647 : 1]
 3759:2108386['0000000000099507' @ 866760 : 1 .. '0000000000102651' @ 668861 : 1]
 3762:2110294['0000000000102654' @ 656770 : 1 .. '0000000000105807' @ 919345 : 1]
 3763:2110282['0000000000105808' @ 531347 : 1 .. '0000000000109009' @ 62858 : 1]
 3764:2108353['0000000000109010' @ 903879 : 1 .. '0000000000112213' @ 649565 : 1]
 3765:2109356['0000000000112215' @ 491788 : 1 .. '0000000000115379' @ 372054 : 1]
 3766:2108411['0000000000115380' @ 146604 : 1 .. '0000000000118649' @ 907079 : 1]
 3767:2108967['0000000000118653' @ 189253 : 1 .. '0000000000121839' @ 646902 : 1]
 3768:1919559['0000000000121843' @ 295032 : 1 .. '0000000000124701' @ 674213 : 1]
 3769:2109355['0000000000124704' @ 799884 : 1 .. '0000000000127907' @ 952804 : 1]
 3770:2109380['0000000000127908' @ 523314 : 1 .. '0000000000131049' @ 788363 : 1]
 3771:2108537['0000000000131050' @ 479003 : 1 .. '0000000000134192' @ 559548 : 1]
 3772:2108403['0000000000134193' @ 709183 : 1 .. '0000000000137371' @ 315843 : 1]
 3773:2107492['0000000000137372' @ 131125 : 1 .. '0000000000140537' @ 249825 : 1]
 3775:2109351['0000000000140538' @ 805876 : 1 .. '0000000000143761' @ 96463 : 1]
 3776:2110290['0000000000143762' @ 743380 : 1 .. '0000000000146987' @ 444190 : 1]
 3777:2108447['0000000000146988' @ 524613 : 1 .. '0000000000150177' @ 971864 : 1]
 3778:2109351['0000000000150179' @ 970192 : 1 .. '0000000000153255' @ 426740 : 1]
 3781:2109382['0000000000153256' @ 659492 : 1 .. '0000000000156408' @ 990364 : 1]
 3782:2107429['0000000000156410' @ 386524 : 1 .. '0000000000159559' @ 148174 : 1]
 3783:2107526['0000000000159563' @ 736205 : 1 .. '0000000000162832' @ 424171 : 1]
 3784:2108369['0000000000162833' @ 294273 : 1 .. '0000000000166023' @ 196527 : 1]
 3785:2108477['0000000000166024' @ 489342 : 1 .. '0000000000169148' @ 876061 : 1]
 3786:2110286['0000000000169149' @ 451413 : 1 .. '0000000000172283' @ 248094 : 1]
 3787:651451['0000000000172284' @ 559509 : 1 .. '0000000000173287' @ 450437 : 1]
 3788:2109334['0000000000173288' @ 880078 : 1 .. '0000000000176486' @ 865507 : 1]
 3789:2110315['0000000000176487' @ 754523 : 1 .. '0000000000179763' @ 777169 : 1]
 3790:2109366['0000000000179764' @ 527630 : 1 .. '0000000000182942' @ 912570 : 1]
 3791:2109419['0000000000182946' @ 826716 : 1 .. '0000000000186083' @ 647097 : 1]
 3792:2108450['0000000000186084' @ 976391 : 1 .. '0000000000189231' @ 610528 : 1]
 3794:2108591['0000000000189232' @ 500463 : 1 .. '0000000000192392' @ 867980 : 1]
 3795:2107469['0000000000192393' @ 447803 : 1 .. '0000000000195544' @ 749436 : 1]
 3796:2107537['0000000000195545' @ 71515 : 1 .. '0000000000198697' @ 816471 : 1]
 3797:2109415['0000000000198698' @ 791724 : 1 .. '0000000000201881' @ 616949 : 1]
 3798:2107462['0000000000201884' @ 762488 : 1 .. '0000000000204963' @ 71343 : 1]
 3799:1866026['0000000000204964' @ 400570 : 1 .. '0000000000207795' @ 877413 : 1]
 3800:2108456['0000000000207796' @ 912625 : 1 .. '0000000000211033' @ 933238 : 1]
 3801:2109365['0000000000211034' @ 894138 : 1 .. '0000000000214208' @ 905719 : 1]
 3802:2108497['0000000000214211' @ 580824 : 1 .. '0000000000217390' @ 78746 : 1]
 3803:2109348['0000000000217393' @ 41176 : 1 .. '0000000000220547' @ 300466 : 1]
 3804:2109355['0000000000220549' @ 956330 : 1 .. '0000000000223693' @ 848557 : 1]
 3805:2110281['0000000000223695' @ 349543 : 1 .. '0000000000226843' @ 856604 : 1]
 3806:2107579['0000000000226844' @ 444327 : 1 .. '0000000000230074' @ 490246 : 1]
 3807:2110301['0000000000230075' @ 339010 : 1 .. '0000000000233215' @ 900496 : 1]
 3808:2109444['0000000000233218' @ 946581 : 1 .. '0000000000236426' @ 727708 : 1]
 3811:2110299['0000000000236427' @ 197532 : 1 .. '0000000000239579' @ 862525 : 1]
 3812:2110305['0000000000239580' @ 803920 : 1 .. '0000000000242817' @ 70091 : 1]
 3813:2109408['0000000000242819' @ 485642 : 1 .. '0000000000245985' @ 751459 : 1]
 3814:2108382['0000000000245987' @ 634984 : 1 .. '0000000000249218' @ 633057 : 1]
 3815:2110317['0000000000249220' @ 380368 : 1 .. '0000000000252464' @ 789899 : 1]
 3816:2110256['0000000000252466' @ 990477 : 1 .. '0000000000255647' @ 146095 : 1]
 3817:2110327['0000000000255648' @ 208185 : 1 .. '0000000000258838' @ 592078 : 1]
 3818:2108476['0000000000258839' @ 817680 : 1 .. '0000000000261973' @ 644109 : 1]
 3819:2108408['0000000000261976' @ 422415 : 1 .. '0000000000265141' @ 781182 : 1]
 3820:2109385['0000000000265142' @ 403627 : 1 .. '0000000000268369' @ 488468 : 1]
 3821:1681362['0000000000268370' @ 196495 : 1 .. '0000000000270917' @ 152122 : 1]
 3618:2110307['0000000000270919' @ 762970 : 1 .. '0000000000274122' @ 908337 : 1]
 3619:2107491['0000000000274125' @ 862033 : 1 .. '0000000000277264' @ 973302 : 1]
 3620:2110291['0000000000277265' @ 883844 : 1 .. '0000000000280498' @ 784061 : 1]
 3628:2109356['0000000000280502' @ 710055 : 1 .. '0000000000283730' @ 974314 : 1]
 3636:2110315['0000000000283732' @ 174929 : 1 .. '0000000000286965' @ 793181 : 1]
 3637:2109355['0000000000286966' @ 854783 : 1 .. '0000000000290093' @ 783774 : 1]
 3644:2110279['0000000000290094' @ 649980 : 1 .. '0000000000293234' @ 650802 : 1]
 3651:2109333['0000000000293236' @ 895974 : 1 .. '0000000000296270' @ 907759 : 1]
 3659:2108405['0000000000296273' @ 336905 : 1 .. '0000000000299440' @ 685138 : 1]
 3660:2108419['0000000000299443' @ 525896 : 1 .. '0000000000302599' @ 654751 : 1]
 3667:2109417['0000000000302600' @ 238527 : 1 .. '0000000000305829' @ 664990 : 1]
 3674:2110284['0000000000305832' @ 711314 : 1 .. '0000000000308996' @ 594671 : 1]
 3675:2110324['0000000000308997' @ 278534 : 1 .. '0000000000312204' @ 930181 : 1]
 3683:2109320['0000000000312205' @ 753238 : 1 .. '0000000000315404' @ 534702 : 1]
 3688:2109338['0000000000315405' @ 888413 : 1 .. '0000000000318585' @ 167918 : 1]
 3689:2108482['0000000000318588' @ 197658 : 1 .. '0000000000321731' @ 929908 : 1]
 3697:2110298['0000000000321733' @ 634074 : 1 .. '0000000000324891' @ 321686 : 1]
 3705:2109335['0000000000324893' @ 65098 : 1 .. '0000000000328050' @ 229889 : 1]
 3709:2110752['0000000000328051' @ 588492 : 1 .. '0000000000331292' @ 611452 : 1]
 3712:2109323['0000000000331296' @ 85222 : 1 .. '0000000000334458' @ 221082 : 1]
 3713:2109315['0000000000334459' @ 992396 : 1 .. '0000000000337566' @ 876761 : 1]
 3822:2110318['0000000000337567' @ 596078 : 1 .. '0000000000340789' @ 834674 : 1]
 3825:2110266['0000000000340790' @ 624322 : 1 .. '0000000000343950' @ 254157 : 1]
 3826:2109420['0000000000343952' @ 702597 : 1 .. '0000000000347189' @ 855251 : 1]
 3828:2110699['0000000000347190' @ 825185 : 1 .. '0000000000350385' @ 354126 : 1]
 3830:2107462['0000000000350386' @ 216473 : 1 .. '0000000000353581' @ 716129 : 1]
 3833:2107436['0000000000353583' @ 938178 : 1 .. '0000000000356744' @ 844957 : 1]
 3834:2108453['0000000000356746' @ 173022 : 1 .. '0000000000359945' @ 597483 : 1]
 3837:2108415['0000000000359947' @ 345933 : 1 .. '0000000000363156' @ 49688 : 1]
 3839:2108406['0000000000363158' @ 211707 : 1 .. '0000000000366358' @ 293776 : 1]
 3840:2109364['0000000000366359' @ 450214 : 1 .. '0000000000369608' @ 979729 : 1]
 3842:2110304['0000000000369610' @ 970399 : 1 .. '0000000000372855' @ 947610 : 1]
 3845:2108470['0000000000372856' @ 446295 : 1 .. '0000000000376028' @ 427087 : 1]
 3848:2108387['0000000000376029' @ 882693 : 1 .. '0000000000379225' @ 264396 : 1]
 3851:2107407['0000000000379226' @ 788349 : 1 .. '0000000000382376' @ 474658 : 1]
 3854:2109333['0000000000382377' @ 879956 : 1 .. '0000000000385502' @ 773406 : 1]
 3855:2110320['0000000000385504' @ 294492 : 1 .. '0000000000388716' @ 232523 : 1]
 3857:2109382['0000000000388718' @ 60952 : 1 .. '0000000000391897' @ 317055 : 1]
 3860:2110305['0000000000391898' @ 10895 : 1 .. '0000000000395081' @ 850563 : 1]
 3861:2109331['0000000000395082' @ 687313 : 1 .. '0000000000398350' @ 991922 : 1]
 3864:2107529['0000000000398351' @ 285435 : 1 .. '0000000000401515' @ 79756 : 1]
 3866:2109355['0000000000401516' @ 362522 : 1 .. '0000000000404765' @ 44380 : 1]
 3867:2110313['0000000000404767' @ 118355 : 1 .. '0000000000407902' @ 908691 : 1]
 3869:2109331['0000000000407903' @ 313865 : 1 .. '0000000000411031' @ 456372 : 1]
 3872:2107514['0000000000411032' @ 75960 : 1 .. '0000000000414184' @ 31685 : 1]
 3873:2108487['0000000000414185' @ 240911 : 1 .. '0000000000417423' @ 803487 : 1]
 3875:2110327['0000000000417424' @ 750176 : 1 .. '0000000000420568' @ 994350 : 1]
 3878:2108511['0000000000420569' @ 507160 : 1 .. '0000000000423789' @ 109894 : 1]
 3879:2109341['0000000000423791' @ 749600 : 1 .. '0000000000426977' @ 270380 : 1]
 3881:2110303['0000000000426979' @ 154304 : 1 .. '0000000000430080' @ 548180 : 1]
 3884:2107527['0000000000430082' @ 799999 : 1 .. '0000000000433323' @ 840938 : 1]
 3885:2110287['0000000000433327' @ 49488 : 1 .. '0000000000436534' @ 754433 : 1]
 3887:2107433['0000000000436535' @ 984670 : 1 .. '0000000000439747' @ 306176 : 1]
 3888:2110302['0000000000439748' @ 752334 : 1 .. '0000000000442991' @ 35610 : 1]
 3890:2108383['0000000000442993' @ 976630 : 1 .. '0000000000446209' @ 755132 : 1]
 3893:2107453['0000000000446212' @ 950367 : 1 .. '0000000000449464' @ 283602 : 1]
 3894:2107452['0000000000449465' @ 596227 : 1 .. '0000000000452677' @ 264425 : 1]
 3896:2109406['0000000000452681' @ 782094 : 1 .. '0000000000455884' @ 271027 : 1]
 3899:2110291['0000000000455885' @ 706382 : 1 .. '0000000000459018' @ 211112 : 1]
 3900:2107646['0000000000459019' @ 854263 : 1 .. '0000000000462216' @ 934317 : 1]
 3903:2107466['0000000000462217' @ 175818 : 1 .. '0000000000465315' @ 88215 : 1]
 3906:2110087['0000000000465316' @ 801178 : 1 .. '0000000000468526' @ 294876 : 1]
 3907:2109359['0000000000468533' @ 218934 : 1 .. '0000000000471758' @ 551686 : 1]
 3909:2108381['0000000000471761' @ 654524 : 1 .. '0000000000475007' @ 947073 : 1]
 3912:2109340['0000000000475010' @ 841414 : 1 .. '0000000000478230' @ 807637 : 1]
 3913:2110291['0000000000478231' @ 356561 : 1 .. '0000000000481397' @ 452072 : 1]
 3915:2109323['0000000000481399' @ 119335 : 1 .. '0000000000484444' @ 652844 : 1]
 3916:2109495['0000000000484445' @ 977027 : 1 .. '0000000000487647' @ 363225 : 1]
 3918:2109363['0000000000487648' @ 300048 : 1 .. '0000000000490804' @ 926889 : 1]
 3921:2110290['0000000000490807' @ 229020 : 1 .. '0000000000493920' @ 400668 : 1]
 3922:2109362['0000000000493921' @ 612921 : 1 .. '0000000000497118' @ 185776 : 1]
 3924:2109365['0000000000497119' @ 120106 : 1 .. '0000000000500287' @ 927323 : 1]
 3927:2110305['0000000000500288' @ 856051 : 1 .. '0000000000503474' @ 836776 : 1]
 3928:2107514['0000000000503475' @ 566416 : 1 .. '0000000000506603' @ 611322 : 1]
 3930:2109345['0000000000506604' @ 114123 : 1 .. '0000000000509756' @ 824179 : 1]
 3933:2108458['0000000000509757' @ 874516 : 1 .. '0000000000512914' @ 723338 : 1]
 3934:2109346['0000000000512916' @ 770277 : 1 .. '0000000000516164' @ 53763 : 1]
 3937:2110259['0000000000516165' @ 642106 : 1 .. '0000000000519352' @ 552540 : 1]
 3940:2110318['0000000000519355' @ 224181 : 1 .. '0000000000522503' @ 924881 : 1]
 3941:2110322['0000000000522504' @ 739209 : 1 .. '0000000000525659' @ 745086 : 1]
 3944:2108514['0000000000525661' @ 996096 : 1 .. '0000000000528816' @ 804027 : 1]
 3945:2109413['0000000000528819' @ 845756 : 1 .. '0000000000531996' @ 839446 : 1]
 3947:2110810['0000000000531997' @ 589416 : 1 .. '0000000000535187' @ 779574 : 1]
 3950:2109764['0000000000535188' @ 777272 : 1 .. '0000000000538381' @ 371573 : 1]
 3951:2110679['0000000000538383' @ 649443 : 1 .. '0000000000541482' @ 918400 : 1]
 3954:2109331['0000000000541483' @ 806149 : 1 .. '0000000000544632' @ 921024 : 1]
 3957:2109354['0000000000544635' @ 992193 : 1 .. '0000000000547852' @ 311839 : 1]
 3958:2108421['0000000000547854' @ 984096 : 1 .. '0000000000551064' @ 737011 : 1]
 3961:2108608['0000000000551065' @ 757403 : 1 .. '0000000000554209' @ 597931 : 1]
 3963:2109346['0000000000554212' @ 299726 : 1 .. '0000000000557394' @ 936777 : 1]
 3964:2109328['0000000000557395' @ 833308 : 1 .. '0000000000560583' @ 989062 : 1]
 3966:2110290['0000000000560585' @ 226289 : 1 .. '0000000000563797' @ 269742 : 1]
 3969:2110290['0000000000563798' @ 224670 : 1 .. '0000000000566961' @ 848058 : 1]
 3970:2110330['0000000000566964' @ 32248 : 1 .. '0000000000570130' @ 179457 : 1]
 3972:2110320['0000000000570131' @ 517766 : 1 .. '0000000000573290' @ 66348 : 1]
 3973:2110276['0000000000573292' @ 752865 : 1 .. '0000000000576534' @ 915494 : 1]
 3975:2110327['0000000000576535' @ 841803 : 1 .. '0000000000579733' @ 307628 : 1]
 3978:2109328['0000000000579734' @ 72511 : 1 .. '0000000000582904' @ 152220 : 1]
 3979:2108402['0000000000582905' @ 267670 : 1 .. '0000000000586076' @ 976373 : 1]
 3981:2109361['0000000000586078' @ 376154 : 1 .. '0000000000589183' @ 229986 : 1]
 3984:2108394['0000000000589184' @ 402866 : 1 .. '0000000000592344' @ 480864 : 1]
 3985:2110301['0000000000592345' @ 613536 : 1 .. '0000000000595449' @ 900918 : 1]
 3988:2107624['0000000000595450' @ 882388 : 1 .. '0000000000598636' @ 948050 : 1]
 3991:2108408['0000000000598638' @ 86749 : 1 .. '0000000000601827' @ 599163 : 1]
 3992:2108575['0000000000601828' @ 894182 : 1 .. '0000000000604955' @ 736213 : 1]
 3994:2109358['0000000000604956' @ 645077 : 1 .. '0000000000608083' @ 396682 : 1]
 3995:2108481['0000000000608084' @ 512856 : 1 .. '0000000000611313' @ 561347 : 1]
 3997:2109344['0000000000611314' @ 899063 : 1 .. '0000000000614551' @ 369970 : 1]
 4000:2108385['0000000000614552' @ 764846 : 1 .. '0000000000617721' @ 724883 : 1]
 4001:2109417['0000000000617722' @ 432139 : 1 .. '0000000000620928' @ 603551 : 1]
 4006:2109436['0000000000620930' @ 484758 : 1 .. '0000000000624049' @ 855147 : 1]
 4007:2107448['0000000000624051' @ 933470 : 1 .. '0000000000627263' @ 55087 : 1]
 4009:2107593['0000000000627264' @ 240719 : 1 .. '0000000000630481' @ 799271 : 1]
 4010:2107590['0000000000630483' @ 749761 : 1 .. '0000000000633684' @ 289400 : 1]
 4013:2109419['0000000000633687' @ 918305 : 1 .. '0000000000636756' @ 626662 : 1]
 4014:2110286['0000000000636757' @ 826808 : 1 .. '0000000000639979' @ 277562 : 1]
 4016:2110311['0000000000639981' @ 750423 : 1 .. '0000000000643255' @ 447085 : 1]
 4017:2109337['0000000000643257' @ 700888 : 1 .. '0000000000646415' @ 553609 : 1]
 4020:2110314['0000000000646418' @ 902031 : 1 .. '0000000000649623' @ 792562 : 1]
 4021:2109370['0000000000649624' @ 974456 : 1 .. '0000000000652856' @ 896693 : 1]
 4023:2109423['0000000000652857' @ 954099 : 1 .. '0000000000656034' @ 536071 : 1]
 4026:2110279['0000000000656035' @ 968533 : 1 .. '0000000000659195' @ 839748 : 1]
 4027:2109379['0000000000659196' @ 989389 : 1 .. '0000000000662364' @ 953731 : 1]
 4030:2110746['0000000000662367' @ 607357 : 1 .. '0000000000665543' @ 742334 : 1]
 4031:2109326['0000000000665546' @ 779597 : 1 .. '0000000000668660' @ 551395 : 1]
 4034:2109370['0000000000668661' @ 87559 : 1 .. '0000000000671795' @ 950913 : 1]
 4035:2109384['0000000000671796' @ 896264 : 1 .. '0000000000675020' @ 91767 : 1]
 4037:2109328['0000000000675021' @ 850529 : 1 .. '0000000000678233' @ 138469 : 1]
 4038:2110300['0000000000678234' @ 989260 : 1 .. '0000000000681459' @ 765569 : 1]
 4040:2109330['0000000000681461' @ 843931 : 1 .. '0000000000684610' @ 168082 : 1]
 4041:2109319['0000000000684611' @ 927810 : 1 .. '0000000000687770' @ 935735 : 1]
 4043:2110295['0000000000687771' @ 690450 : 1 .. '0000000000690922' @ 632132 : 1]
 4044:2110341['0000000000690923' @ 175060 : 1 .. '0000000000694088' @ 253483 : 1]
 4046:2108416['0000000000694089' @ 594226 : 1 .. '0000000000697360' @ 268740 : 1]
 4049:2110285['0000000000697361' @ 774719 : 1 .. '0000000000700543' @ 874038 : 1]
 4050:2107478['0000000000700544' @ 570122 : 1 .. '0000000000703732' @ 400675 : 1]
 4053:2110317['0000000000703733' @ 846531 : 1 .. '0000000000706984' @ 795754 : 1]
 4054:2110274['0000000000706985' @ 759912 : 1 .. '0000000000710192' @ 887638 : 1]
 4056:2109308['0000000000710194' @ 686424 : 1 .. '0000000000713345' @ 655391 : 1]
 4057:2109343['0000000000713346' @ 67363 : 1 .. '0000000000716527' @ 456094 : 1]
 4059:2110272['0000000000716529' @ 305974 : 1 .. '0000000000719665' @ 362570 : 1]
 4060:2109364['0000000000719666' @ 306041 : 1 .. '0000000000722858' @ 885487 : 1]
 4063:2108385['0000000000722860' @ 751436 : 1 .. '0000000000726096' @ 276612 : 1]
 4064:2110294['0000000000726098' @ 569892 : 1 .. '0000000000729285' @ 658974 : 1]
 4066:2108415['0000000000729288' @ 782101 : 1 .. '0000000000732465' @ 803073 : 1]
 4067:2110299['0000000000732466' @ 540982 : 1 .. '0000000000735665' @ 436076 : 1]
 4070:2110313['0000000000735667' @ 414168 : 1 .. '0000000000738793' @ 849957 : 1]
 4071:2109458['0000000000738794' @ 846473 : 1 .. '0000000000741956' @ 154564 : 1]
 4073:2110337['0000000000741957' @ 814608 : 1 .. '0000000000745172' @ 626629 : 1]
 4074:2110311['0000000000745174' @ 853247 : 1 .. '0000000000748333' @ 469579 : 1]
 4077:2110344['0000000000748334' @ 989857 : 1 .. '0000000000751514' @ 584467 : 1]
 4078:2107540['0000000000751515' @ 727207 : 1 .. '0000000000754749' @ 570612 : 1]
 4081:2108433['0000000000754750' @ 587634 : 1 .. '0000000000757990' @ 942484 : 1]
 4082:2109412['0000000000757991' @ 973218 : 1 .. '0000000000761090' @ 865906 : 1]
 4085:2107501['0000000000761091' @ 613430 : 1 .. '0000000000764333' @ 925511 : 1]
 4086:2108452['0000000000764335' @ 903212 : 1 .. '0000000000767441' @ 604280 : 1]
 4087:2110307['0000000000767442' @ 296044 : 1 .. '0000000000770524' @ 54311 : 1]
 4089:2107472['0000000000770525' @ 143726 : 1 .. '0000000000773735' @ 105402 : 1]
 4090:2107508['0000000000773736' @ 747643 : 1 .. '0000000000776916' @ 183059 : 1]
 4093:2110294['0000000000776917' @ 416019 : 1 .. '0000000000780065' @ 562372 : 1]
 4094:2108432['0000000000780066' @ 654623 : 1 .. '0000000000783285' @ 964609 : 1]
 4096:2108354['0000000000783286' @ 393085 : 1 .. '0000000000786442' @ 470664 : 1]
 4097:2109361['0000000000786444' @ 953866 : 1 .. '0000000000789614' @ 934576 : 1]
 4100:2108555['0000000000789617' @ 928599 : 1 .. '0000000000792841' @ 704276 : 1]
 4101:2110650['0000000000792842' @ 934971 : 1 .. '0000000000795977' @ 579571 : 1]
 4102:2109334['0000000000795978' @ 955789 : 1 .. '0000000000799178' @ 61499 : 1]
 4104:2108532['0000000000799179' @ 360542 : 1 .. '0000000000802350' @ 723135 : 1]
 4105:2110346['0000000000802351' @ 952614 : 1 .. '0000000000805548' @ 999559 : 1]
 4108:2109348['0000000000805549' @ 918282 : 1 .. '0000000000808714' @ 856973 : 1]
 4109:2108390['0000000000808715' @ 612174 : 1 .. '0000000000811869' @ 790371 : 1]
 4112:2108436['0000000000811870' @ 216087 : 1 .. '0000000000815035' @ 995336 : 1]
 4113:2107576['0000000000815036' @ 225730 : 1 .. '0000000000818213' @ 756407 : 1]
 4114:2110327['0000000000818215' @ 142996 : 1 .. '0000000000821424' @ 111264 : 1]
 4116:2110305['0000000000821425' @ 183211 : 1 .. '0000000000824603' @ 836707 : 1]
 4117:2110275['0000000000824605' @ 372299 : 1 .. '0000000000827803' @ 648083 : 1]
 4120:2109362['0000000000827804' @ 272709 : 1 .. '0000000000831039' @ 704437 : 1]
 4121:2108546['0000000000831040' @ 448235 : 1 .. '0000000000834231' @ 475032 : 1]
 4124:2109427['0000000000834232' @ 891586 : 1 .. '0000000000837503' @ 766019 : 1]
 4125:2108383['0000000000837504' @ 955313 : 1 .. '0000000000840641' @ 292497 : 1]
 4126:2110826['0000000000840644' @ 108908 : 1 .. '0000000000843813' @ 197841 : 1]
 4128:2109452['0000000000843816' @ 945111 : 1 .. '0000000000847071' @ 891913 : 1]
 4129:2109398['0000000000847075' @ 794829 : 1 .. '0000000000850231' @ 464537 : 1]
 4131:2108485['0000000000850232' @ 409840 : 1 .. '0000000000853465' @ 782213 : 1]
 4132:2110310['0000000000853466' @ 343387 : 1 .. '0000000000856704' @ 931964 : 1]
 4135:2110292['0000000000856705' @ 152639 : 1 .. '0000000000859811' @ 775435 : 1]
 4136:2108331['0000000000859812' @ 774760 : 1 .. '0000000000862938' @ 883509 : 1]
 4137:2110820['0000000000862939' @ 434636 : 1 .. '0000000000866166' @ 946664 : 1]
 4139:2109471['0000000000866167' @ 739513 : 1 .. '0000000000869294' @ 890556 : 1]
 4140:2110273['0000000000869300' @ 346489 : 1 .. '0000000000872471' @ 639776 : 1]
 4142:2109319['0000000000872473' @ 189655 : 1 .. '0000000000875639' @ 835747 : 1]
 4143:2109356['0000000000875641' @ 669359 : 1 .. '0000000000878819' @ 382970 : 1]
 4146:2109347['0000000000878820' @ 513261 : 1 .. '0000000000882046' @ 277696 : 1]
 4147:2109364['0000000000882050' @ 258620 : 1 .. '0000000000885224' @ 907500 : 1]
 4148:2107456['0000000000885226' @ 315687 : 1 .. '0000000000888406' @ 63090 : 1]
 4150:2107439['0000000000888407' @ 901122 : 1 .. '0000000000891623' @ 216231 : 1]
 4151:2107681['0000000000891624' @ 640361 : 1 .. '0000000000894836' @ 657572 : 1]
 4154:2109379['0000000000894838' @ 521345 : 1 .. '0000000000898003' @ 678953 : 1]
 4155:2110310['0000000000898005' @ 461583 : 1 .. '0000000000901168' @ 258859 : 1]
 4156:2110270['0000000000901170' @ 335623 : 1 .. '0000000000904340' @ 464031 : 1]
 4159:2108417['0000000000904341' @ 338811 : 1 .. '0000000000907530' @ 569162 : 1]
 4160:2107658['0000000000907532' @ 325914 : 1 .. '0000000000910760' @ 216235 : 1]
 4161:2108832['0000000000910762' @ 424174 : 1 .. '0000000000914033' @ 714462 : 1]
 4164:2108382['0000000000914034' @ 872796 : 1 .. '0000000000917185' @ 246129 : 1]
 4165:2109440['0000000000917187' @ 690071 : 1 .. '0000000000920388' @ 904508 : 1]
 4166:2107416['0000000000920390' @ 182632 : 1 .. '0000000000923551' @ 688544 : 1]
 4169:2108519['0000000000923552' @ 840720 : 1 .. '0000000000926757' @ 720019 : 1]
 4170:2109480['0000000000926761' @ 642143 : 1 .. '0000000000929943' @ 28584 : 1]
 4171:2109505['0000000000929946' @ 749069 : 1 .. '0000000000933153' @ 212745 : 1]
 4174:2109408['0000000000933154' @ 654488 : 1 .. '0000000000936339' @ 763633 : 1]
 4175:2108401['0000000000936341' @ 921036 : 1 .. '0000000000939614' @ 818803 : 1]
 4176:2107510['0000000000939616' @ 968433 : 1 .. '0000000000942854' @ 790161 : 1]
 4179:2108476['0000000000942856' @ 304868 : 1 .. '0000000000946065' @ 221414 : 1]
 4180:2109417['0000000000946066' @ 925991 : 1 .. '0000000000949252' @ 718768 : 1]
 4181:2109439['0000000000949254' @ 276575 : 1 .. '0000000000952479' @ 730627 : 1]
 4184:2110298['0000000000952481' @ 757857 : 1 .. '0000000000955724' @ 659448 : 1]
 4185:2107590['0000000000955725' @ 849500 : 1 .. '0000000000958921' @ 557969 : 1]
 4186:2110315['0000000000958925' @ 338492 : 1 .. '0000000000962078' @ 776621 : 1]
 4189:2109354['0000000000962079' @ 751186 : 1 .. '0000000000965214' @ 469612 : 1]
 4190:2109350['0000000000965215' @ 239846 : 1 .. '0000000000968404' @ 473781 : 1]
 4191:2108563['0000000000968405' @ 695398 : 1 .. '0000000000971554' @ 778543 : 1]
 4194:2110313['0000000000971559' @ 296732 : 1 .. '0000000000974906' @ 793773 : 1]
 4195:2107632['0000000000974907' @ 678741 : 1 .. '0000000000978050' @ 821057 : 1]
 4196:2108389['0000000000978052' @ 385067 : 1 .. '0000000000981205' @ 323773 : 1]
 4197:2110320['0000000000981206' @ 437411 : 1 .. '0000000000984530' @ 555623 : 1]
 4198:2109345['0000000000984531' @ 559053 : 1 .. '0000000000987673' @ 564806 : 1]
 4199:2109351['0000000000987676' @ 956522 : 1 .. '0000000000990863' @ 994832 : 1]
 4202:2109425['0000000000990864' @ 130414 : 1 .. '0000000000994024' @ 993483 : 1]
 4203:2109359['0000000000994025' @ 794028 : 1 .. '0000000000997194' @ 814825 : 1]
 4204:1853455['0000000000997195' @ 194876 : 1 .. '0000000000999999' @ 990743 : 1]
--- level 4 ---
--- level 5 ---
--- level 6 ---

