LevelDB:    version 1.17
Date:       Fri Jul 24 21:24:51 2026
CPU:        16 * 12th Gen Intel(R) Core(TM) i5-12600KF
CPUCache:   20480 KB
Keys:       16 bytes each
Values:     1024 bytes each (1024 bytes after compression)
Entries:    1000000
RawSize:    991.8 MB (estimated)
FileSize:   991.8 MB (estimated)
------------------------------------------------
compact      : 2992943.000 micros/op;
-------------------------- Timer information ----------------------

-------------------------------------------------------------------
-------------------------- Individual static timer information 0 --------------------

-------------------------------------------------------------------
-------------------------- Individual static timer information 1 --------------------

-------------------------------------------------------------------
-------------------------- Individual static timer information 2 --------------------

-------------------------------------------------------------------
-------------------------- Individual static timer information 3 --------------------

-------------------------------------------------------------------
-------------------------- Cumulative static timer information --------------------

-------------------------------------------------------------------
