LevelDB:    version 1.17
Date:       Fri Aug  7 20:09:18 2026
CPU:        16 * 12th Gen Intel(R) Core(TM) i5-12600KF
CPUCache:   20480 KB
Keys:       16 bytes each
Values:     1024 bytes each (1024 bytes after compression)
Entries:    1000000
RawSize:    991.8 MB (estimated)
FileSize:   991.8 MB (estimated)
Filter:     leveldb.BuiltinBloomFilter
FilterMode: Bloom
FilterBits: 10 physical bits/key
------------------------------------------------

                               Compactions
Level  Files Size(MB) Time(sec) Read(MB) Write(MB)
--------------------------------------------------
  2        2      123         0        0         0
  5        6      342         0        0         0
  6       21      334         0        0         0


--------------------- level 0 ---------------------
 compaction_score_of_level: 0.000000
 sentinel_compaction_score_of_level: 0.000000
 total file size in this level: 0
 ------ Files ------
 num_files: 0
 ------ Sentinel files ------
 num_sentinel_files: 0
 ------ Guards ------
 num_guards: 0
 num_guard_files_in_level: 0
 ------ Complete Guards ------
 num_guards: 0
 num_complete_guard_files_in_level: 0
--------------------- level 1 ---------------------
 compaction_score_of_level: 0.000000
 sentinel_compaction_score_of_level: 0.000000
 total file size in this level: 0
 ------ Files ------
 num_files: 0
 ------ Sentinel files ------
 num_sentinel_files: 0
 ------ Guards ------
 num_guards: 0
 num_guard_files_in_level: 0
 ------ Complete Guards ------
 num_guards: 0
 num_complete_guard_files_in_level: 0
--------------------- level 2 ---------------------
 compaction_score_of_level: 0.666667
 sentinel_compaction_score_of_level: 0.666667
 total file size in this level: 128609604
 ------ Files ------
 num_files: 2
 635:67979767['0000000000000007' @ 1889695 : 1 .. '0000000000529389' @ 1827979 : 1]
 636:60629837['0000000000529395' @ 1913913 : 1 .. '0000000000999987' @ 1975553 : 1]
 ------ Sentinel files ------
 num_sentinel_files: 2
 635:67979767['0000000000000007' @ 1889695 : 1 .. '0000000000529389' @ 1827979 : 1]
 636:60629837['0000000000529395' @ 1913913 : 1 .. '0000000000999987' @ 1975553 : 1]
 ------ Guards ------
 num_guards: 0
 num_guard_files_in_level: 0
 ------ Complete Guards ------
 num_guards: 0
 num_complete_guard_files_in_level: 0
--------------------- level 3 ---------------------
 compaction_score_of_level: 0.000000
 sentinel_compaction_score_of_level: 0.000000
 total file size in this level: 0
 ------ Files ------
 num_files: 0
 ------ Sentinel files ------
 num_sentinel_files: 0
 ------ Guards ------
 num_guards: 0
 num_guard_files_in_level: 0
 ------ Complete Guards ------
 num_guards: 0
 num_complete_guard_files_in_level: 0
--------------------- level 4 ---------------------
 compaction_score_of_level: 0.000000
 sentinel_compaction_score_of_level: 0.000000
 total file size in this level: 0
 ------ Files ------
 num_files: 0
 ------ Sentinel files ------
 num_sentinel_files: 0
 ------ Guards ------
 num_guards: 2
 num_guard_files_in_level: 0
 guard_key: '0000000000219705' @ 713766 : 1
 guard_compaction_score: 0.000000
 guard_range: [(bad) .. (bad)]
 num_segments: 0
 files: []
 guard_key: '0000000000502786' @ 1981824 : 1
 guard_compaction_score: 0.000000
 guard_range: [(bad) .. (bad)]
 num_segments: 0
 files: []
 ------ Complete Guards ------
 num_guards: 2
 num_complete_guard_files_in_level: 0
--------------------- level 5 ---------------------
 compaction_score_of_level: 0.666667
 sentinel_compaction_score_of_level: 0.666667
 total file size in this level: 358377902
 ------ Files ------
 num_files: 6
 637:109825449['0000000000000000' @ 511659 : 1 .. '0000000000219704' @ 877549 : 1]
 240:47673976['0000000000000003' @ 328443 : 1 .. '0000000000219703' @ 254063 : 1]
 639:21605897['0000000000326588' @ 1391469 : 1 .. '0000000000421670' @ 1685057 : 1]
 492:47308131['0000000000326588' @ 883873 : 1 .. '0000000000421680' @ 851107 : 1]
 640:18583583['0000000000421681' @ 1427195 : 1 .. '0000000000502784' @ 1480365 : 1]
 641:113380866['0000000000502787' @ 1739493 : 1 .. '0000000000999997' @ 1352683 : 1]
 ------ Sentinel files ------
 num_sentinel_files: 2
 637:109825449['0000000000000000' @ 511659 : 1 .. '0000000000219704' @ 877549 : 1]
 240:47673976['0000000000000003' @ 328443 : 1 .. '0000000000219703' @ 254063 : 1]
 ------ Guards ------
 num_guards: 4
 num_guard_files_in_level: 4
 guard_key: '0000000000219705' @ 713767 : 1
 guard_compaction_score: 0.000000
 guard_range: [(bad) .. (bad)]
 num_segments: 0
 files: []
 guard_key: '0000000000326588' @ 883874 : 1
 guard_compaction_score: 0.666667
 guard_range: ['0000000000326588' @ 1391469 : 1 .. '0000000000421680' @ 851107 : 1]
 num_segments: 2
 files: [639,492]
 guard_key: '0000000000421681' @ 1427196 : 1
 guard_compaction_score: 0.333333
 guard_range: ['0000000000421681' @ 1427195 : 1 .. '0000000000502784' @ 1480365 : 1]
 num_segments: 1
 files: [640]
 guard_key: '0000000000502786' @ 1981825 : 1
 guard_compaction_score: 0.333333
 guard_range: ['0000000000502787' @ 1739493 : 1 .. '0000000000999997' @ 1352683 : 1]
 num_segments: 1
 files: [641]
 ------ Complete Guards ------
 num_guards: 4
 num_complete_guard_files_in_level: 0
--------------------- level 6 ---------------------
 compaction_score_of_level: 0.333333
 sentinel_compaction_score_of_level: 0.000000
 total file size in this level: 350170127
 ------ Files ------
 num_files: 21
 642:30303289['0000000000219705' @ 1614225 : 1 .. '0000000000269168' @ 271327 : 1]
 643:22867815['0000000000269169' @ 1373003 : 1 .. '0000000000306474' @ 1413465 : 1]
 644:12440087['0000000000306476' @ 1530149 : 1 .. '0000000000326587' @ 1701507 : 1]
 515:11923305['0000000000421683' @ 225131 : 1 .. '0000000000446032' @ 973333 : 1]
 645:27994249['0000000000446034' @ 66707 : 1 .. '0000000000502777' @ 1107473 : 1]
 646:60277984['0000000000502789' @ 110461 : 1 .. '0000000000625217' @ 785289 : 1]
 537:45145101['0000000000625218' @ 92575 : 1 .. '0000000000716522' @ 946435 : 1]
 538:7898646['0000000000716523' @ 940937 : 1 .. '0000000000732421' @ 321003 : 1]
 539:11520279['0000000000732422' @ 464459 : 1 .. '0000000000756013' @ 982407 : 1]
 540:12460649['0000000000756014' @ 1242727 : 1 .. '0000000000781436' @ 104395 : 1]
 541:35809784['0000000000781439' @ 1160783 : 1 .. '0000000000854147' @ 425405 : 1]
 647:4087750['0000000000854148' @ 1163339 : 1 .. '0000000000862683' @ 299859 : 1]
 648:3117727['0000000000862687' @ 782241 : 1 .. '0000000000868868' @ 91809 : 1]
 545:1198279['0000000000868870' @ 887367 : 1 .. '0000000000871387' @ 163521 : 1]
 546:18722287['0000000000871391' @ 1249339 : 1 .. '0000000000909575' @ 484383 : 1]
 547:14989583['0000000000909577' @ 699895 : 1 .. '0000000000939962' @ 981249 : 1]
 548:3461548['0000000000939966' @ 844575 : 1 .. '0000000000946966' @ 272959 : 1]
 549:3386437['0000000000946967' @ 1250993 : 1 .. '0000000000953822' @ 732875 : 1]
 649:13189382['0000000000953826' @ 166797 : 1 .. '0000000000980730' @ 32569 : 1]
 650:5027017['0000000000980732' @ 241265 : 1 .. '0000000000991113' @ 809291 : 1]
 551:4348929['0000000000991114' @ 106285 : 1 .. '0000000000999999' @ 590375 : 1]
 ------ Sentinel files ------
 num_sentinel_files: 0
 ------ Guards ------
 num_guards: 24
 num_guard_files_in_level: 21
 guard_key: '0000000000007665' @ 249526 : 1
 guard_compaction_score: 0.000000
 guard_range: [(bad) .. (bad)]
 num_segments: 0
 files: []
 guard_key: '0000000000157521' @ 706768 : 1
 guard_compaction_score: 0.000000
 guard_range: [(bad) .. (bad)]
 num_segments: 0
 files: []
 guard_key: '0000000000219705' @ 713768 : 1
 guard_compaction_score: 0.333333
 guard_range: ['0000000000219705' @ 1614225 : 1 .. '0000000000269168' @ 271327 : 1]
 num_segments: 1
 files: [642]
 guard_key: '0000000000269169' @ 1373004 : 1
 guard_compaction_score: 0.333333
 guard_range: ['0000000000269169' @ 1373003 : 1 .. '0000000000306474' @ 1413465 : 1]
 num_segments: 1
 files: [643]
 guard_key: '0000000000306476' @ 1170172 : 1
 guard_compaction_score: 0.333333
 guard_range: ['0000000000306476' @ 1530149 : 1 .. '0000000000326587' @ 1701507 : 1]
 num_segments: 1
 files: [644]
 guard_key: '0000000000326588' @ 883875 : 1
 guard_compaction_score: 0.000000
 guard_range: [(bad) .. (bad)]
 num_segments: 0
 files: []
 guard_key: '0000000000421681' @ 1427197 : 1
 guard_compaction_score: 0.333333
 guard_range: ['0000000000421683' @ 225131 : 1 .. '0000000000446032' @ 973333 : 1]
 num_segments: 1
 files: [515]
 guard_key: '0000000000446034' @ 66708 : 1
 guard_compaction_score: 0.333333
 guard_range: ['0000000000446034' @ 66707 : 1 .. '0000000000502777' @ 1107473 : 1]
 num_segments: 1
 files: [645]
 guard_key: '0000000000502786' @ 1981826 : 1
 guard_compaction_score: 0.333333
 guard_range: ['0000000000502789' @ 110461 : 1 .. '0000000000625217' @ 785289 : 1]
 num_segments: 1
 files: [646]
 guard_key: '0000000000625218' @ 92576 : 1
 guard_compaction_score: 0.333333
 guard_range: ['0000000000625218' @ 92575 : 1 .. '0000000000716522' @ 946435 : 1]
 num_segments: 1
 files: [537]
 guard_key: '0000000000716523' @ 286486 : 1
 guard_compaction_score: 0.333333
 guard_range: ['0000000000716523' @ 940937 : 1 .. '0000000000732421' @ 321003 : 1]
 num_segments: 1
 files: [538]
 guard_key: '0000000000732422' @ 464460 : 1
 guard_compaction_score: 0.333333
 guard_range: ['0000000000732422' @ 464459 : 1 .. '0000000000756013' @ 982407 : 1]
 num_segments: 1
 files: [539]
 guard_key: '0000000000756014' @ 1052998 : 1
 guard_compaction_score: 0.333333
 guard_range: ['0000000000756014' @ 1242727 : 1 .. '0000000000781436' @ 104395 : 1]
 num_segments: 1
 files: [540]
 guard_key: '0000000000781439' @ 610112 : 1
 guard_compaction_score: 0.333333
 guard_range: ['0000000000781439' @ 1160783 : 1 .. '0000000000854147' @ 425405 : 1]
 num_segments: 1
 files: [541]
 guard_key: '0000000000854148' @ 268544 : 1
 guard_compaction_score: 0.333333
 guard_range: ['0000000000854148' @ 1163339 : 1 .. '0000000000862683' @ 299859 : 1]
 num_segments: 1
 files: [647]
 guard_key: '0000000000862686' @ 1898338 : 1
 guard_compaction_score: 0.333333
 guard_range: ['0000000000862687' @ 782241 : 1 .. '0000000000868868' @ 91809 : 1]
 num_segments: 1
 files: [648]
 guard_key: '0000000000868870' @ 887368 : 1
 guard_compaction_score: 0.333333
 guard_range: ['0000000000868870' @ 887367 : 1 .. '0000000000871387' @ 163521 : 1]
 num_segments: 1
 files: [545]
 guard_key: '0000000000871388' @ 1297350 : 1
 guard_compaction_score: 0.333333
 guard_range: ['0000000000871391' @ 1249339 : 1 .. '0000000000909575' @ 484383 : 1]
 num_segments: 1
 files: [546]
 guard_key: '0000000000909577' @ 699896 : 1
 guard_compaction_score: 0.333333
 guard_range: ['0000000000909577' @ 699895 : 1 .. '0000000000939962' @ 981249 : 1]
 num_segments: 1
 files: [547]
 guard_key: '0000000000939966' @ 63832 : 1
 guard_compaction_score: 0.333333
 guard_range: ['0000000000939966' @ 844575 : 1 .. '0000000000946966' @ 272959 : 1]
 num_segments: 1
 files: [548]
 guard_key: '0000000000946967' @ 1250994 : 1
 guard_compaction_score: 0.333333
 guard_range: ['0000000000946967' @ 1250993 : 1 .. '0000000000953822' @ 732875 : 1]
 num_segments: 1
 files: [549]
 guard_key: '0000000000953824' @ 1418886 : 1
 guard_compaction_score: 0.333333
 guard_range: ['0000000000953826' @ 166797 : 1 .. '0000000000980730' @ 32569 : 1]
 num_segments: 1
 files: [649]
 guard_key: '0000000000980731' @ 1696850 : 1
 guard_compaction_score: 0.333333
 guard_range: ['0000000000980732' @ 241265 : 1 .. '0000000000991113' @ 809291 : 1]
 num_segments: 1
 files: [650]
 guard_key: '0000000000991114' @ 106286 : 1
 guard_compaction_score: 0.333333
 guard_range: ['0000000000991114' @ 106285 : 1 .. '0000000000999999' @ 590375 : 1]
 num_segments: 1
 files: [551]
 ------ Complete Guards ------
 num_guards: 24
 num_complete_guard_files_in_level: 0

-------------------------- Timer information ----------------------

-------------------------------------------------------------------
-------------------------- Individual static timer information 0 --------------------

-------------------------------------------------------------------
-------------------------- Individual static timer information 1 --------------------

-------------------------------------------------------------------
-------------------------- Individual static timer information 2 --------------------

-------------------------------------------------------------------
-------------------------- Individual static timer information 3 --------------------

-------------------------------------------------------------------
-------------------------- Cumulative static timer information --------------------

-------------------------------------------------------------------
	Command being timed: "./db_bench --benchmarks=stats,sstables --num=1000000 --reads=1000000 --value_size=1024 --threads=1 --write_threads=1 --read_threads=1 --compression_ratio=1.0 --write_buffer_size=4194304 --cache_size=33554432 --block_size=4096 --bloom_bits=10 --use_ribbon_filter=0 --use_xor_filter=0 --use_existing_db=1 --db=/home/maykoll_vanegas/Proyecto-SOA-local/Resultados/Experimento_C_Final/run_01/bloom/database/db"
	User time (seconds): 0.11
	System time (seconds): 0.17
	Percent of CPU this job got: 92%
	Elapsed (wall clock) time (h:mm:ss or m:ss): 0:00.30
	Average shared text size (kbytes): 0
	Average unshared data size (kbytes): 0
	Average stack size (kbytes): 0
	Average total size (kbytes): 0
	Maximum resident set size (kbytes): 56036
	Average resident set size (kbytes): 0
	Major (requiring I/O) page faults: 2
	Minor (reclaiming a frame) page faults: 15858
	Voluntary context switches: 47
	Involuntary context switches: 4
	Swaps: 0
	File system inputs: 0
	File system outputs: 40
	Socket messages sent: 0
	Socket messages received: 0
	Signals delivered: 0
	Page size (bytes): 4096
	Exit status: 0
