LevelDB:    version 1.17
Date:       Fri Aug  7 20:10:16 2026
CPU:        16 * 12th Gen Intel(R) Core(TM) i5-12600KF
CPUCache:   20480 KB
Keys:       16 bytes each
Values:     1024 bytes each (1024 bytes after compression)
Entries:    1000000
RawSize:    991.8 MB (estimated)
FileSize:   991.8 MB (estimated)
Filter:     proyecto-soa.RibbonFilter64Packed.v1
FilterMode: Ribbon
FilterBits: 10 Bloom-equivalent bits/key
------------------------------------------------

                               Compactions
Level  Files Size(MB) Time(sec) Read(MB) Write(MB)
--------------------------------------------------
  2        2      106         0        0         0
  4        3      173         0        0         0
  5        5      258         0        0         0
  6       16      277         0        0         0


--------------------- level 0 ---------------------
 compaction_score_of_level: 0.000000
 sentinel_compaction_score_of_level: 0.000000
 total file size in this level: 0
 ------ Files ------
 num_files: 0
 ------ Sentinel files ------
 num_sentinel_files: 0
 ------ Guards ------
 num_guards: 0
 num_guard_files_in_level: 0
 ------ Complete Guards ------
 num_guards: 0
 num_complete_guard_files_in_level: 0
--------------------- level 1 ---------------------
 compaction_score_of_level: 0.000000
 sentinel_compaction_score_of_level: 0.000000
 total file size in this level: 0
 ------ Files ------
 num_files: 0
 ------ Sentinel files ------
 num_sentinel_files: 0
 ------ Guards ------
 num_guards: 0
 num_guard_files_in_level: 0
 ------ Complete Guards ------
 num_guards: 0
 num_complete_guard_files_in_level: 0
--------------------- level 2 ---------------------
 compaction_score_of_level: 0.666667
 sentinel_compaction_score_of_level: 0.666667
 total file size in this level: 110816694
 ------ Files ------
 num_files: 2
 632:68154512['0000000000000007' @ 1889695 : 1 .. '0000000000616800' @ 1930447 : 1]
 633:42662182['0000000000616801' @ 1950725 : 1 .. '0000000000999987' @ 1975553 : 1]
 ------ Sentinel files ------
 num_sentinel_files: 2
 632:68154512['0000000000000007' @ 1889695 : 1 .. '0000000000616800' @ 1930447 : 1]
 633:42662182['0000000000616801' @ 1950725 : 1 .. '0000000000999987' @ 1975553 : 1]
 ------ Guards ------
 num_guards: 0
 num_guard_files_in_level: 0
 ------ Complete Guards ------
 num_guards: 0
 num_complete_guard_files_in_level: 0
--------------------- level 3 ---------------------
 compaction_score_of_level: 0.000000
 sentinel_compaction_score_of_level: 0.000000
 total file size in this level: 0
 ------ Files ------
 num_files: 0
 ------ Sentinel files ------
 num_sentinel_files: 0
 ------ Guards ------
 num_guards: 0
 num_guard_files_in_level: 0
 ------ Complete Guards ------
 num_guards: 0
 num_complete_guard_files_in_level: 0
--------------------- level 4 ---------------------
 compaction_score_of_level: 0.666667
 sentinel_compaction_score_of_level: 0.000000
 total file size in this level: 180893335
 ------ Files ------
 num_files: 3
 635:65497050['0000000000219705' @ 1741949 : 1 .. '0000000000502784' @ 1480365 : 1]
 636:68156042['0000000000502787' @ 1739493 : 1 .. '0000000000797546' @ 1658527 : 1]
 637:47240243['0000000000797548' @ 1653153 : 1 .. '0000000000999997' @ 1352683 : 1]
 ------ Sentinel files ------
 num_sentinel_files: 0
 ------ Guards ------
 num_guards: 2
 num_guard_files_in_level: 3
 guard_key: '0000000000219705' @ 713766 : 1
 guard_compaction_score: 0.333333
 guard_range: ['0000000000219705' @ 1741949 : 1 .. '0000000000502784' @ 1480365 : 1]
 num_segments: 1
 files: [635]
 guard_key: '0000000000502786' @ 1981824 : 1
 guard_compaction_score: 0.666667
 guard_range: ['0000000000502787' @ 1739493 : 1 .. '0000000000999997' @ 1352683 : 1]
 num_segments: 2
 files: [636,637]
 ------ Complete Guards ------
 num_guards: 2
 num_complete_guard_files_in_level: 0
--------------------- level 5 ---------------------
 compaction_score_of_level: 0.666667
 sentinel_compaction_score_of_level: 0.666667
 total file size in this level: 270056723
 ------ Files ------
 num_files: 5
 638:112007834['0000000000000000' @ 511659 : 1 .. '0000000000219704' @ 877549 : 1]
 244:48513573['0000000000000003' @ 328443 : 1 .. '0000000000219703' @ 254063 : 1]
 367:39908142['0000000000219705' @ 713765 : 1 .. '0000000000326584' @ 271727 : 1]
 495:21396589['0000000000219721' @ 995447 : 1 .. '0000000000326584' @ 1058573 : 1]
 502:48230585['0000000000326588' @ 883873 : 1 .. '0000000000421680' @ 851107 : 1]
 ------ Sentinel files ------
 num_sentinel_files: 2
 638:112007834['0000000000000000' @ 511659 : 1 .. '0000000000219704' @ 877549 : 1]
 244:48513573['0000000000000003' @ 328443 : 1 .. '0000000000219703' @ 254063 : 1]
 ------ Guards ------
 num_guards: 4
 num_guard_files_in_level: 3
 guard_key: '0000000000219705' @ 713767 : 1
 guard_compaction_score: 0.666667
 guard_range: ['0000000000219705' @ 713765 : 1 .. '0000000000326584' @ 271727 : 1]
 num_segments: 2
 files: [367,495]
 guard_key: '0000000000326588' @ 883874 : 1
 guard_compaction_score: 0.333333
 guard_range: ['0000000000326588' @ 883873 : 1 .. '0000000000421680' @ 851107 : 1]
 num_segments: 1
 files: [502]
 guard_key: '0000000000421681' @ 1427196 : 1
 guard_compaction_score: 0.000000
 guard_range: [(bad) .. (bad)]
 num_segments: 0
 files: []
 guard_key: '0000000000502786' @ 1981825 : 1
 guard_compaction_score: 0.000000
 guard_range: [(bad) .. (bad)]
 num_segments: 0
 files: []
 ------ Complete Guards ------
 num_guards: 4
 num_complete_guard_files_in_level: 0
--------------------- level 6 ---------------------
 compaction_score_of_level: 0.333333
 sentinel_compaction_score_of_level: 0.000000
 total file size in this level: 290339099
 ------ Files ------
 num_files: 16
 525:12197146['0000000000421683' @ 225131 : 1 .. '0000000000446032' @ 973333 : 1]
 530:90055321['0000000000446034' @ 66707 : 1 .. '0000000000625217' @ 785289 : 1]
 547:46025870['0000000000625218' @ 92575 : 1 .. '0000000000716522' @ 946435 : 1]
 548:8048571['0000000000716523' @ 940937 : 1 .. '0000000000732421' @ 321003 : 1]
 549:11753809['0000000000732422' @ 464459 : 1 .. '0000000000756013' @ 982407 : 1]
 550:12732585['0000000000756014' @ 1242727 : 1 .. '0000000000781436' @ 104395 : 1]
 551:36525290['0000000000781439' @ 1160783 : 1 .. '0000000000854147' @ 425405 : 1]
 554:7358209['0000000000854148' @ 1163339 : 1 .. '0000000000868868' @ 91809 : 1]
 555:1232122['0000000000868870' @ 887367 : 1 .. '0000000000871387' @ 163521 : 1]
 556:19102892['0000000000871391' @ 1249339 : 1 .. '0000000000909575' @ 484383 : 1]
 557:15284137['0000000000909577' @ 699895 : 1 .. '0000000000939962' @ 981249 : 1]
 558:3530988['0000000000939966' @ 844575 : 1 .. '0000000000946966' @ 272959 : 1]
 559:3465230['0000000000946967' @ 1250993 : 1 .. '0000000000953822' @ 732875 : 1]
 560:13462214['0000000000953826' @ 166797 : 1 .. '0000000000980730' @ 32569 : 1]
 561:5134430['0000000000980732' @ 241265 : 1 .. '0000000000991113' @ 809291 : 1]
 562:4430285['0000000000991114' @ 106285 : 1 .. '0000000000999999' @ 590375 : 1]
 ------ Sentinel files ------
 num_sentinel_files: 0
 ------ Guards ------
 num_guards: 22
 num_guard_files_in_level: 16
 guard_key: '0000000000007665' @ 249526 : 1
 guard_compaction_score: 0.000000
 guard_range: [(bad) .. (bad)]
 num_segments: 0
 files: []
 guard_key: '0000000000157521' @ 706768 : 1
 guard_compaction_score: 0.000000
 guard_range: [(bad) .. (bad)]
 num_segments: 0
 files: []
 guard_key: '0000000000219705' @ 713768 : 1
 guard_compaction_score: 0.000000
 guard_range: [(bad) .. (bad)]
 num_segments: 0
 files: []
 guard_key: '0000000000269169' @ 1373004 : 1
 guard_compaction_score: 0.000000
 guard_range: [(bad) .. (bad)]
 num_segments: 0
 files: []
 guard_key: '0000000000306476' @ 1170172 : 1
 guard_compaction_score: 0.000000
 guard_range: [(bad) .. (bad)]
 num_segments: 0
 files: []
 guard_key: '0000000000326588' @ 883875 : 1
 guard_compaction_score: 0.000000
 guard_range: [(bad) .. (bad)]
 num_segments: 0
 files: []
 guard_key: '0000000000421681' @ 1427197 : 1
 guard_compaction_score: 0.333333
 guard_range: ['0000000000421683' @ 225131 : 1 .. '0000000000446032' @ 973333 : 1]
 num_segments: 1
 files: [525]
 guard_key: '0000000000446034' @ 66708 : 1
 guard_compaction_score: 0.333333
 guard_range: ['0000000000446034' @ 66707 : 1 .. '0000000000625217' @ 785289 : 1]
 num_segments: 1
 files: [530]
 guard_key: '0000000000625218' @ 92576 : 1
 guard_compaction_score: 0.333333
 guard_range: ['0000000000625218' @ 92575 : 1 .. '0000000000716522' @ 946435 : 1]
 num_segments: 1
 files: [547]
 guard_key: '0000000000716523' @ 286486 : 1
 guard_compaction_score: 0.333333
 guard_range: ['0000000000716523' @ 940937 : 1 .. '0000000000732421' @ 321003 : 1]
 num_segments: 1
 files: [548]
 guard_key: '0000000000732422' @ 464460 : 1
 guard_compaction_score: 0.333333
 guard_range: ['0000000000732422' @ 464459 : 1 .. '0000000000756013' @ 982407 : 1]
 num_segments: 1
 files: [549]
 guard_key: '0000000000756014' @ 1052998 : 1
 guard_compaction_score: 0.333333
 guard_range: ['0000000000756014' @ 1242727 : 1 .. '0000000000781436' @ 104395 : 1]
 num_segments: 1
 files: [550]
 guard_key: '0000000000781439' @ 610112 : 1
 guard_compaction_score: 0.333333
 guard_range: ['0000000000781439' @ 1160783 : 1 .. '0000000000854147' @ 425405 : 1]
 num_segments: 1
 files: [551]
 guard_key: '0000000000854148' @ 268544 : 1
 guard_compaction_score: 0.333333
 guard_range: ['0000000000854148' @ 1163339 : 1 .. '0000000000868868' @ 91809 : 1]
 num_segments: 1
 files: [554]
 guard_key: '0000000000868870' @ 887368 : 1
 guard_compaction_score: 0.333333
 guard_range: ['0000000000868870' @ 887367 : 1 .. '0000000000871387' @ 163521 : 1]
 num_segments: 1
 files: [555]
 guard_key: '0000000000871388' @ 1297350 : 1
 guard_compaction_score: 0.333333
 guard_range: ['0000000000871391' @ 1249339 : 1 .. '0000000000909575' @ 484383 : 1]
 num_segments: 1
 files: [556]
 guard_key: '0000000000909577' @ 699896 : 1
 guard_compaction_score: 0.333333
 guard_range: ['0000000000909577' @ 699895 : 1 .. '0000000000939962' @ 981249 : 1]
 num_segments: 1
 files: [557]
 guard_key: '0000000000939966' @ 63832 : 1
 guard_compaction_score: 0.333333
 guard_range: ['0000000000939966' @ 844575 : 1 .. '0000000000946966' @ 272959 : 1]
 num_segments: 1
 files: [558]
 guard_key: '0000000000946967' @ 1250994 : 1
 guard_compaction_score: 0.333333
 guard_range: ['0000000000946967' @ 1250993 : 1 .. '0000000000953822' @ 732875 : 1]
 num_segments: 1
 files: [559]
 guard_key: '0000000000953824' @ 1418886 : 1
 guard_compaction_score: 0.333333
 guard_range: ['0000000000953826' @ 166797 : 1 .. '0000000000980730' @ 32569 : 1]
 num_segments: 1
 files: [560]
 guard_key: '0000000000980731' @ 1696850 : 1
 guard_compaction_score: 0.333333
 guard_range: ['0000000000980732' @ 241265 : 1 .. '0000000000991113' @ 809291 : 1]
 num_segments: 1
 files: [561]
 guard_key: '0000000000991114' @ 106286 : 1
 guard_compaction_score: 0.333333
 guard_range: ['0000000000991114' @ 106285 : 1 .. '0000000000999999' @ 590375 : 1]
 num_segments: 1
 files: [562]
 ------ Complete Guards ------
 num_guards: 24
 num_complete_guard_files_in_level: 0

-------------------------- Timer information ----------------------

-------------------------------------------------------------------
-------------------------- Individual static timer information 0 --------------------

-------------------------------------------------------------------
-------------------------- Individual static timer information 1 --------------------

-------------------------------------------------------------------
-------------------------- Individual static timer information 2 --------------------

-------------------------------------------------------------------
-------------------------- Individual static timer information 3 --------------------

-------------------------------------------------------------------
-------------------------- Cumulative static timer information --------------------

-------------------------------------------------------------------
	Command being timed: "./db_bench --benchmarks=stats,sstables --num=1000000 --reads=1000000 --value_size=1024 --threads=1 --write_threads=1 --read_threads=1 --compression_ratio=1.0 --write_buffer_size=4194304 --cache_size=33554432 --block_size=4096 --bloom_bits=10 --use_ribbon_filter=1 --use_xor_filter=0 --use_existing_db=1 --db=/home/maykoll_vanegas/Proyecto-SOA-local/Resultados/Experimento_C_Final/run_01/ribbon/database/db"
	User time (seconds): 0.28
	System time (seconds): 0.18
	Percent of CPU this job got: 95%
	Elapsed (wall clock) time (h:mm:ss or m:ss): 0:00.49
	Average shared text size (kbytes): 0
	Average unshared data size (kbytes): 0
	Average stack size (kbytes): 0
	Average total size (kbytes): 0
	Maximum resident set size (kbytes): 58320
	Average resident set size (kbytes): 0
	Major (requiring I/O) page faults: 1
	Minor (reclaiming a frame) page faults: 17210
	Voluntary context switches: 47
	Involuntary context switches: 4
	Swaps: 0
	File system inputs: 0
	File system outputs: 32
	Socket messages sent: 0
	Socket messages received: 0
	Signals delivered: 0
	Page size (bytes): 4096
	Exit status: 0
